------------------------------------------------------------
Timing Analyzer Summary
------------------------------------------------------------

Type  : Slow 1100mV 85C Model Setup 'clk'
Slack : -2.514
TNS   : -2.514

Type  : Slow 1100mV 85C Model Setup 'Counter_32bit:Counter_32bit1|DFF_David:DFF17|q'
Slack : -2.163
TNS   : -2.163

Type  : Slow 1100mV 85C Model Setup 'Counter_32bit:Counter_32bit1|DFF_David:DFF2|q'
Slack : -1.959
TNS   : -1.959

Type  : Slow 1100mV 85C Model Setup 'Counter_32bit:Counter_32bit1|DFF_David:DFF7|q'
Slack : -1.951
TNS   : -1.951

Type  : Slow 1100mV 85C Model Setup 'Counter_32bit:Counter_32bit1|DFF_David:DFF27|q'
Slack : -1.933
TNS   : -1.933

Type  : Slow 1100mV 85C Model Setup 'Counter_32bit:Counter_32bit1|DFF_David:DFF20|q'
Slack : -1.929
TNS   : -1.929

Type  : Slow 1100mV 85C Model Setup 'Counter_32bit:Counter_32bit1|DFF_David:DFF22|q'
Slack : -1.928
TNS   : -1.928

Type  : Slow 1100mV 85C Model Setup 'Counter_32bit:Counter_32bit1|DFF_David:DFF25|q'
Slack : -1.903
TNS   : -1.903

Type  : Slow 1100mV 85C Model Setup 'Counter_32bit:Counter_32bit1|DFF_David:DFF15|q'
Slack : -1.853
TNS   : -1.853

Type  : Slow 1100mV 85C Model Setup 'Counter_32bit:Counter_32bit1|DFF_David:DFF4|q'
Slack : -1.838
TNS   : -1.838

Type  : Slow 1100mV 85C Model Setup 'Counter_32bit:Counter_32bit1|DFF_David:DFF13|q'
Slack : -1.814
TNS   : -1.814

Type  : Slow 1100mV 85C Model Setup 'Counter_32bit:Counter_32bit1|DFF_David:DFF1|q'
Slack : -1.809
TNS   : -1.809

Type  : Slow 1100mV 85C Model Setup 'Counter_32bit:Counter_32bit1|DFF_David:DFF23|q'
Slack : -1.759
TNS   : -1.759

Type  : Slow 1100mV 85C Model Setup 'Counter_32bit:Counter_32bit1|DFF_David:DFF3|q'
Slack : -1.749
TNS   : -1.749

Type  : Slow 1100mV 85C Model Setup 'Counter_32bit:Counter_32bit1|DFF_David:DFF24|q'
Slack : -1.742
TNS   : -1.742

Type  : Slow 1100mV 85C Model Setup 'Counter_32bit:Counter_32bit1|DFF_David:DFF16|q'
Slack : -1.739
TNS   : -1.739

Type  : Slow 1100mV 85C Model Setup 'Counter_32bit:Counter_32bit1|DFF_David:DFF21|q'
Slack : -1.734
TNS   : -1.734

Type  : Slow 1100mV 85C Model Setup 'Counter_32bit:Counter_32bit1|DFF_David:DFF10|q'
Slack : -1.733
TNS   : -1.733

Type  : Slow 1100mV 85C Model Setup 'Counter_32bit:Counter_32bit1|DFF_David:DFF19|q'
Slack : -1.716
TNS   : -1.716

Type  : Slow 1100mV 85C Model Setup 'Counter_32bit:Counter_32bit1|DFF_David:DFF5|q'
Slack : -1.700
TNS   : -1.700

Type  : Slow 1100mV 85C Model Setup 'Counter_32bit:Counter_32bit1|DFF_David:DFF14|q'
Slack : -1.696
TNS   : -1.696

Type  : Slow 1100mV 85C Model Setup 'Counter_32bit:Counter_32bit1|DFF_David:DFF12|q'
Slack : -1.659
TNS   : -1.659

Type  : Slow 1100mV 85C Model Setup 'Counter_32bit:Counter_32bit1|DFF_David:DFF18|q'
Slack : -1.648
TNS   : -1.648

Type  : Slow 1100mV 85C Model Setup 'Counter_32bit:Counter_32bit1|DFF_David:DFF0|q'
Slack : -1.630
TNS   : -1.630

Type  : Slow 1100mV 85C Model Setup 'Counter_32bit:Counter_32bit1|DFF_David:DFF11|q'
Slack : -1.602
TNS   : -1.602

Type  : Slow 1100mV 85C Model Setup 'Counter_32bit:Counter_32bit1|DFF_David:DFF8|q'
Slack : -1.602
TNS   : -1.602

Type  : Slow 1100mV 85C Model Setup 'Counter_32bit:Counter_32bit1|DFF_David:DFF26|q'
Slack : -1.564
TNS   : -1.564

Type  : Slow 1100mV 85C Model Setup 'Counter_32bit:Counter_32bit1|DFF_David:DFF6|q'
Slack : -1.502
TNS   : -1.502

Type  : Slow 1100mV 85C Model Setup 'Counter_32bit:Counter_32bit1|DFF_David:DFF9|q'
Slack : -1.463
TNS   : -1.463

Type  : Slow 1100mV 85C Model Setup 'Counter_32bit:Counter_32bit1|DFF_David:DFF28|q'
Slack : -0.744
TNS   : -0.744

Type  : Slow 1100mV 85C Model Hold 'Counter_32bit:Counter_32bit1|DFF_David:DFF9|q'
Slack : 0.228
TNS   : 0.000

Type  : Slow 1100mV 85C Model Hold 'Counter_32bit:Counter_32bit1|DFF_David:DFF6|q'
Slack : 0.273
TNS   : 0.000

Type  : Slow 1100mV 85C Model Hold 'Counter_32bit:Counter_32bit1|DFF_David:DFF28|q'
Slack : 0.399
TNS   : 0.000

Type  : Slow 1100mV 85C Model Hold 'Counter_32bit:Counter_32bit1|DFF_David:DFF26|q'
Slack : 0.417
TNS   : 0.000

Type  : Slow 1100mV 85C Model Hold 'Counter_32bit:Counter_32bit1|DFF_David:DFF8|q'
Slack : 0.423
TNS   : 0.000

Type  : Slow 1100mV 85C Model Hold 'Counter_32bit:Counter_32bit1|DFF_David:DFF13|q'
Slack : 0.429
TNS   : 0.000

Type  : Slow 1100mV 85C Model Hold 'Counter_32bit:Counter_32bit1|DFF_David:DFF18|q'
Slack : 0.431
TNS   : 0.000

Type  : Slow 1100mV 85C Model Hold 'Counter_32bit:Counter_32bit1|DFF_David:DFF11|q'
Slack : 0.463
TNS   : 0.000

Type  : Slow 1100mV 85C Model Hold 'Counter_32bit:Counter_32bit1|DFF_David:DFF12|q'
Slack : 0.466
TNS   : 0.000

Type  : Slow 1100mV 85C Model Hold 'Counter_32bit:Counter_32bit1|DFF_David:DFF0|q'
Slack : 0.467
TNS   : 0.000

Type  : Slow 1100mV 85C Model Hold 'Counter_32bit:Counter_32bit1|DFF_David:DFF7|q'
Slack : 0.504
TNS   : 0.000

Type  : Slow 1100mV 85C Model Hold 'Counter_32bit:Counter_32bit1|DFF_David:DFF5|q'
Slack : 0.505
TNS   : 0.000

Type  : Slow 1100mV 85C Model Hold 'Counter_32bit:Counter_32bit1|DFF_David:DFF19|q'
Slack : 0.509
TNS   : 0.000

Type  : Slow 1100mV 85C Model Hold 'Counter_32bit:Counter_32bit1|DFF_David:DFF21|q'
Slack : 0.511
TNS   : 0.000

Type  : Slow 1100mV 85C Model Hold 'Counter_32bit:Counter_32bit1|DFF_David:DFF14|q'
Slack : 0.512
TNS   : 0.000

Type  : Slow 1100mV 85C Model Hold 'Counter_32bit:Counter_32bit1|DFF_David:DFF15|q'
Slack : 0.532
TNS   : 0.000

Type  : Slow 1100mV 85C Model Hold 'Counter_32bit:Counter_32bit1|DFF_David:DFF23|q'
Slack : 0.537
TNS   : 0.000

Type  : Slow 1100mV 85C Model Hold 'Counter_32bit:Counter_32bit1|DFF_David:DFF20|q'
Slack : 0.538
TNS   : 0.000

Type  : Slow 1100mV 85C Model Hold 'Counter_32bit:Counter_32bit1|DFF_David:DFF16|q'
Slack : 0.546
TNS   : 0.000

Type  : Slow 1100mV 85C Model Hold 'Counter_32bit:Counter_32bit1|DFF_David:DFF3|q'
Slack : 0.550
TNS   : 0.000

Type  : Slow 1100mV 85C Model Hold 'Counter_32bit:Counter_32bit1|DFF_David:DFF4|q'
Slack : 0.578
TNS   : 0.000

Type  : Slow 1100mV 85C Model Hold 'Counter_32bit:Counter_32bit1|DFF_David:DFF10|q'
Slack : 0.588
TNS   : 0.000

Type  : Slow 1100mV 85C Model Hold 'Counter_32bit:Counter_32bit1|DFF_David:DFF24|q'
Slack : 0.588
TNS   : 0.000

Type  : Slow 1100mV 85C Model Hold 'Counter_32bit:Counter_32bit1|DFF_David:DFF1|q'
Slack : 0.650
TNS   : 0.000

Type  : Slow 1100mV 85C Model Hold 'Counter_32bit:Counter_32bit1|DFF_David:DFF22|q'
Slack : 0.654
TNS   : 0.000

Type  : Slow 1100mV 85C Model Hold 'Counter_32bit:Counter_32bit1|DFF_David:DFF27|q'
Slack : 0.662
TNS   : 0.000

Type  : Slow 1100mV 85C Model Hold 'Counter_32bit:Counter_32bit1|DFF_David:DFF25|q'
Slack : 0.673
TNS   : 0.000

Type  : Slow 1100mV 85C Model Hold 'Counter_32bit:Counter_32bit1|DFF_David:DFF17|q'
Slack : 0.710
TNS   : 0.000

Type  : Slow 1100mV 85C Model Hold 'Counter_32bit:Counter_32bit1|DFF_David:DFF2|q'
Slack : 0.772
TNS   : 0.000

Type  : Slow 1100mV 85C Model Hold 'clk'
Slack : 0.873
TNS   : 0.000

Type  : Slow 1100mV 85C Model Minimum Pulse Width 'clk'
Slack : -0.402
TNS   : -0.796

Type  : Slow 1100mV 85C Model Minimum Pulse Width 'Counter_32bit:Counter_32bit1|DFF_David:DFF10|q'
Slack : -0.394
TNS   : -0.658

Type  : Slow 1100mV 85C Model Minimum Pulse Width 'Counter_32bit:Counter_32bit1|DFF_David:DFF24|q'
Slack : -0.394
TNS   : -0.657

Type  : Slow 1100mV 85C Model Minimum Pulse Width 'Counter_32bit:Counter_32bit1|DFF_David:DFF14|q'
Slack : -0.394
TNS   : -0.656

Type  : Slow 1100mV 85C Model Minimum Pulse Width 'Counter_32bit:Counter_32bit1|DFF_David:DFF16|q'
Slack : -0.394
TNS   : -0.656

Type  : Slow 1100mV 85C Model Minimum Pulse Width 'Counter_32bit:Counter_32bit1|DFF_David:DFF4|q'
Slack : -0.394
TNS   : -0.633

Type  : Slow 1100mV 85C Model Minimum Pulse Width 'Counter_32bit:Counter_32bit1|DFF_David:DFF28|q'
Slack : -0.394
TNS   : -0.615

Type  : Slow 1100mV 85C Model Minimum Pulse Width 'Counter_32bit:Counter_32bit1|DFF_David:DFF25|q'
Slack : -0.394
TNS   : -0.614

Type  : Slow 1100mV 85C Model Minimum Pulse Width 'Counter_32bit:Counter_32bit1|DFF_David:DFF27|q'
Slack : -0.394
TNS   : -0.609

Type  : Slow 1100mV 85C Model Minimum Pulse Width 'Counter_32bit:Counter_32bit1|DFF_David:DFF18|q'
Slack : -0.394
TNS   : -0.604

Type  : Slow 1100mV 85C Model Minimum Pulse Width 'Counter_32bit:Counter_32bit1|DFF_David:DFF1|q'
Slack : -0.394
TNS   : -0.592

Type  : Slow 1100mV 85C Model Minimum Pulse Width 'Counter_32bit:Counter_32bit1|DFF_David:DFF2|q'
Slack : -0.394
TNS   : -0.591

Type  : Slow 1100mV 85C Model Minimum Pulse Width 'Counter_32bit:Counter_32bit1|DFF_David:DFF17|q'
Slack : -0.394
TNS   : -0.565

Type  : Slow 1100mV 85C Model Minimum Pulse Width 'Counter_32bit:Counter_32bit1|DFF_David:DFF20|q'
Slack : -0.394
TNS   : -0.561

Type  : Slow 1100mV 85C Model Minimum Pulse Width 'Counter_32bit:Counter_32bit1|DFF_David:DFF7|q'
Slack : -0.394
TNS   : -0.551

Type  : Slow 1100mV 85C Model Minimum Pulse Width 'Counter_32bit:Counter_32bit1|DFF_David:DFF11|q'
Slack : -0.394
TNS   : -0.550

Type  : Slow 1100mV 85C Model Minimum Pulse Width 'Counter_32bit:Counter_32bit1|DFF_David:DFF15|q'
Slack : -0.394
TNS   : -0.538

Type  : Slow 1100mV 85C Model Minimum Pulse Width 'Counter_32bit:Counter_32bit1|DFF_David:DFF13|q'
Slack : -0.394
TNS   : -0.535

Type  : Slow 1100mV 85C Model Minimum Pulse Width 'Counter_32bit:Counter_32bit1|DFF_David:DFF6|q'
Slack : -0.394
TNS   : -0.519

Type  : Slow 1100mV 85C Model Minimum Pulse Width 'Counter_32bit:Counter_32bit1|DFF_David:DFF26|q'
Slack : -0.394
TNS   : -0.518

Type  : Slow 1100mV 85C Model Minimum Pulse Width 'Counter_32bit:Counter_32bit1|DFF_David:DFF0|q'
Slack : -0.394
TNS   : -0.517

Type  : Slow 1100mV 85C Model Minimum Pulse Width 'Counter_32bit:Counter_32bit1|DFF_David:DFF19|q'
Slack : -0.394
TNS   : -0.517

Type  : Slow 1100mV 85C Model Minimum Pulse Width 'Counter_32bit:Counter_32bit1|DFF_David:DFF23|q'
Slack : -0.394
TNS   : -0.517

Type  : Slow 1100mV 85C Model Minimum Pulse Width 'Counter_32bit:Counter_32bit1|DFF_David:DFF3|q'
Slack : -0.394
TNS   : -0.517

Type  : Slow 1100mV 85C Model Minimum Pulse Width 'Counter_32bit:Counter_32bit1|DFF_David:DFF5|q'
Slack : -0.394
TNS   : -0.517

Type  : Slow 1100mV 85C Model Minimum Pulse Width 'Counter_32bit:Counter_32bit1|DFF_David:DFF8|q'
Slack : -0.394
TNS   : -0.517

Type  : Slow 1100mV 85C Model Minimum Pulse Width 'Counter_32bit:Counter_32bit1|DFF_David:DFF21|q'
Slack : -0.394
TNS   : -0.516

Type  : Slow 1100mV 85C Model Minimum Pulse Width 'Counter_32bit:Counter_32bit1|DFF_David:DFF22|q'
Slack : -0.394
TNS   : -0.516

Type  : Slow 1100mV 85C Model Minimum Pulse Width 'Counter_32bit:Counter_32bit1|DFF_David:DFF12|q'
Slack : -0.394
TNS   : -0.515

Type  : Slow 1100mV 85C Model Minimum Pulse Width 'Counter_32bit:Counter_32bit1|DFF_David:DFF9|q'
Slack : -0.394
TNS   : -0.515

Type  : Slow 1100mV 0C Model Setup 'clk'
Slack : -2.392
TNS   : -2.392

Type  : Slow 1100mV 0C Model Setup 'Counter_32bit:Counter_32bit1|DFF_David:DFF17|q'
Slack : -2.096
TNS   : -2.096

Type  : Slow 1100mV 0C Model Setup 'Counter_32bit:Counter_32bit1|DFF_David:DFF2|q'
Slack : -1.920
TNS   : -1.920

Type  : Slow 1100mV 0C Model Setup 'Counter_32bit:Counter_32bit1|DFF_David:DFF22|q'
Slack : -1.910
TNS   : -1.910

Type  : Slow 1100mV 0C Model Setup 'Counter_32bit:Counter_32bit1|DFF_David:DFF7|q'
Slack : -1.885
TNS   : -1.885

Type  : Slow 1100mV 0C Model Setup 'Counter_32bit:Counter_32bit1|DFF_David:DFF15|q'
Slack : -1.865
TNS   : -1.865

Type  : Slow 1100mV 0C Model Setup 'Counter_32bit:Counter_32bit1|DFF_David:DFF20|q'
Slack : -1.858
TNS   : -1.858

Type  : Slow 1100mV 0C Model Setup 'Counter_32bit:Counter_32bit1|DFF_David:DFF27|q'
Slack : -1.850
TNS   : -1.850

Type  : Slow 1100mV 0C Model Setup 'Counter_32bit:Counter_32bit1|DFF_David:DFF25|q'
Slack : -1.835
TNS   : -1.835

Type  : Slow 1100mV 0C Model Setup 'Counter_32bit:Counter_32bit1|DFF_David:DFF13|q'
Slack : -1.822
TNS   : -1.822

Type  : Slow 1100mV 0C Model Setup 'Counter_32bit:Counter_32bit1|DFF_David:DFF4|q'
Slack : -1.798
TNS   : -1.798

Type  : Slow 1100mV 0C Model Setup 'Counter_32bit:Counter_32bit1|DFF_David:DFF21|q'
Slack : -1.794
TNS   : -1.794

Type  : Slow 1100mV 0C Model Setup 'Counter_32bit:Counter_32bit1|DFF_David:DFF5|q'
Slack : -1.786
TNS   : -1.786

Type  : Slow 1100mV 0C Model Setup 'Counter_32bit:Counter_32bit1|DFF_David:DFF3|q'
Slack : -1.775
TNS   : -1.775

Type  : Slow 1100mV 0C Model Setup 'Counter_32bit:Counter_32bit1|DFF_David:DFF16|q'
Slack : -1.763
TNS   : -1.763

Type  : Slow 1100mV 0C Model Setup 'Counter_32bit:Counter_32bit1|DFF_David:DFF24|q'
Slack : -1.761
TNS   : -1.761

Type  : Slow 1100mV 0C Model Setup 'Counter_32bit:Counter_32bit1|DFF_David:DFF19|q'
Slack : -1.755
TNS   : -1.755

Type  : Slow 1100mV 0C Model Setup 'Counter_32bit:Counter_32bit1|DFF_David:DFF1|q'
Slack : -1.737
TNS   : -1.737

Type  : Slow 1100mV 0C Model Setup 'Counter_32bit:Counter_32bit1|DFF_David:DFF14|q'
Slack : -1.732
TNS   : -1.732

Type  : Slow 1100mV 0C Model Setup 'Counter_32bit:Counter_32bit1|DFF_David:DFF23|q'
Slack : -1.719
TNS   : -1.719

Type  : Slow 1100mV 0C Model Setup 'Counter_32bit:Counter_32bit1|DFF_David:DFF0|q'
Slack : -1.716
TNS   : -1.716

Type  : Slow 1100mV 0C Model Setup 'Counter_32bit:Counter_32bit1|DFF_David:DFF10|q'
Slack : -1.716
TNS   : -1.716

Type  : Slow 1100mV 0C Model Setup 'Counter_32bit:Counter_32bit1|DFF_David:DFF8|q'
Slack : -1.691
TNS   : -1.691

Type  : Slow 1100mV 0C Model Setup 'Counter_32bit:Counter_32bit1|DFF_David:DFF12|q'
Slack : -1.688
TNS   : -1.688

Type  : Slow 1100mV 0C Model Setup 'Counter_32bit:Counter_32bit1|DFF_David:DFF18|q'
Slack : -1.633
TNS   : -1.633

Type  : Slow 1100mV 0C Model Setup 'Counter_32bit:Counter_32bit1|DFF_David:DFF26|q'
Slack : -1.585
TNS   : -1.585

Type  : Slow 1100mV 0C Model Setup 'Counter_32bit:Counter_32bit1|DFF_David:DFF11|q'
Slack : -1.557
TNS   : -1.557

Type  : Slow 1100mV 0C Model Setup 'Counter_32bit:Counter_32bit1|DFF_David:DFF6|q'
Slack : -1.541
TNS   : -1.541

Type  : Slow 1100mV 0C Model Setup 'Counter_32bit:Counter_32bit1|DFF_David:DFF9|q'
Slack : -1.500
TNS   : -1.500

Type  : Slow 1100mV 0C Model Setup 'Counter_32bit:Counter_32bit1|DFF_David:DFF28|q'
Slack : -0.696
TNS   : -0.696

Type  : Slow 1100mV 0C Model Hold 'Counter_32bit:Counter_32bit1|DFF_David:DFF9|q'
Slack : 0.319
TNS   : 0.000

Type  : Slow 1100mV 0C Model Hold 'Counter_32bit:Counter_32bit1|DFF_David:DFF6|q'
Slack : 0.358
TNS   : 0.000

Type  : Slow 1100mV 0C Model Hold 'Counter_32bit:Counter_32bit1|DFF_David:DFF28|q'
Slack : 0.433
TNS   : 0.000

Type  : Slow 1100mV 0C Model Hold 'Counter_32bit:Counter_32bit1|DFF_David:DFF18|q'
Slack : 0.447
TNS   : 0.000

Type  : Slow 1100mV 0C Model Hold 'Counter_32bit:Counter_32bit1|DFF_David:DFF11|q'
Slack : 0.468
TNS   : 0.000

Type  : Slow 1100mV 0C Model Hold 'Counter_32bit:Counter_32bit1|DFF_David:DFF26|q'
Slack : 0.481
TNS   : 0.000

Type  : Slow 1100mV 0C Model Hold 'Counter_32bit:Counter_32bit1|DFF_David:DFF13|q'
Slack : 0.527
TNS   : 0.000

Type  : Slow 1100mV 0C Model Hold 'Counter_32bit:Counter_32bit1|DFF_David:DFF12|q'
Slack : 0.536
TNS   : 0.000

Type  : Slow 1100mV 0C Model Hold 'Counter_32bit:Counter_32bit1|DFF_David:DFF7|q'
Slack : 0.550
TNS   : 0.000

Type  : Slow 1100mV 0C Model Hold 'Counter_32bit:Counter_32bit1|DFF_David:DFF8|q'
Slack : 0.557
TNS   : 0.000

Type  : Slow 1100mV 0C Model Hold 'Counter_32bit:Counter_32bit1|DFF_David:DFF20|q'
Slack : 0.573
TNS   : 0.000

Type  : Slow 1100mV 0C Model Hold 'Counter_32bit:Counter_32bit1|DFF_David:DFF19|q'
Slack : 0.574
TNS   : 0.000

Type  : Slow 1100mV 0C Model Hold 'Counter_32bit:Counter_32bit1|DFF_David:DFF23|q'
Slack : 0.575
TNS   : 0.000

Type  : Slow 1100mV 0C Model Hold 'Counter_32bit:Counter_32bit1|DFF_David:DFF14|q'
Slack : 0.582
TNS   : 0.000

Type  : Slow 1100mV 0C Model Hold 'Counter_32bit:Counter_32bit1|DFF_David:DFF10|q'
Slack : 0.600
TNS   : 0.000

Type  : Slow 1100mV 0C Model Hold 'Counter_32bit:Counter_32bit1|DFF_David:DFF21|q'
Slack : 0.601
TNS   : 0.000

Type  : Slow 1100mV 0C Model Hold 'Counter_32bit:Counter_32bit1|DFF_David:DFF4|q'
Slack : 0.604
TNS   : 0.000

Type  : Slow 1100mV 0C Model Hold 'Counter_32bit:Counter_32bit1|DFF_David:DFF0|q'
Slack : 0.610
TNS   : 0.000

Type  : Slow 1100mV 0C Model Hold 'Counter_32bit:Counter_32bit1|DFF_David:DFF15|q'
Slack : 0.614
TNS   : 0.000

Type  : Slow 1100mV 0C Model Hold 'Counter_32bit:Counter_32bit1|DFF_David:DFF3|q'
Slack : 0.622
TNS   : 0.000

Type  : Slow 1100mV 0C Model Hold 'Counter_32bit:Counter_32bit1|DFF_David:DFF16|q'
Slack : 0.625
TNS   : 0.000

Type  : Slow 1100mV 0C Model Hold 'Counter_32bit:Counter_32bit1|DFF_David:DFF5|q'
Slack : 0.634
TNS   : 0.000

Type  : Slow 1100mV 0C Model Hold 'Counter_32bit:Counter_32bit1|DFF_David:DFF27|q'
Slack : 0.644
TNS   : 0.000

Type  : Slow 1100mV 0C Model Hold 'Counter_32bit:Counter_32bit1|DFF_David:DFF1|q'
Slack : 0.649
TNS   : 0.000

Type  : Slow 1100mV 0C Model Hold 'Counter_32bit:Counter_32bit1|DFF_David:DFF25|q'
Slack : 0.662
TNS   : 0.000

Type  : Slow 1100mV 0C Model Hold 'Counter_32bit:Counter_32bit1|DFF_David:DFF24|q'
Slack : 0.664
TNS   : 0.000

Type  : Slow 1100mV 0C Model Hold 'Counter_32bit:Counter_32bit1|DFF_David:DFF22|q'
Slack : 0.709
TNS   : 0.000

Type  : Slow 1100mV 0C Model Hold 'Counter_32bit:Counter_32bit1|DFF_David:DFF17|q'
Slack : 0.737
TNS   : 0.000

Type  : Slow 1100mV 0C Model Hold 'Counter_32bit:Counter_32bit1|DFF_David:DFF2|q'
Slack : 0.771
TNS   : 0.000

Type  : Slow 1100mV 0C Model Hold 'clk'
Slack : 0.796
TNS   : 0.000

Type  : Slow 1100mV 0C Model Minimum Pulse Width 'clk'
Slack : -0.394
TNS   : -0.776

Type  : Slow 1100mV 0C Model Minimum Pulse Width 'Counter_32bit:Counter_32bit1|DFF_David:DFF10|q'
Slack : -0.394
TNS   : -0.612

Type  : Slow 1100mV 0C Model Minimum Pulse Width 'Counter_32bit:Counter_32bit1|DFF_David:DFF24|q'
Slack : -0.394
TNS   : -0.609

Type  : Slow 1100mV 0C Model Minimum Pulse Width 'Counter_32bit:Counter_32bit1|DFF_David:DFF14|q'
Slack : -0.394
TNS   : -0.608

Type  : Slow 1100mV 0C Model Minimum Pulse Width 'Counter_32bit:Counter_32bit1|DFF_David:DFF16|q'
Slack : -0.394
TNS   : -0.608

Type  : Slow 1100mV 0C Model Minimum Pulse Width 'Counter_32bit:Counter_32bit1|DFF_David:DFF4|q'
Slack : -0.394
TNS   : -0.583

Type  : Slow 1100mV 0C Model Minimum Pulse Width 'Counter_32bit:Counter_32bit1|DFF_David:DFF19|q'
Slack : -0.394
TNS   : -0.576

Type  : Slow 1100mV 0C Model Minimum Pulse Width 'Counter_32bit:Counter_32bit1|DFF_David:DFF3|q'
Slack : -0.394
TNS   : -0.576

Type  : Slow 1100mV 0C Model Minimum Pulse Width 'Counter_32bit:Counter_32bit1|DFF_David:DFF5|q'
Slack : -0.394
TNS   : -0.575

Type  : Slow 1100mV 0C Model Minimum Pulse Width 'Counter_32bit:Counter_32bit1|DFF_David:DFF8|q'
Slack : -0.394
TNS   : -0.575

Type  : Slow 1100mV 0C Model Minimum Pulse Width 'Counter_32bit:Counter_32bit1|DFF_David:DFF0|q'
Slack : -0.394
TNS   : -0.570

Type  : Slow 1100mV 0C Model Minimum Pulse Width 'Counter_32bit:Counter_32bit1|DFF_David:DFF12|q'
Slack : -0.394
TNS   : -0.570

Type  : Slow 1100mV 0C Model Minimum Pulse Width 'Counter_32bit:Counter_32bit1|DFF_David:DFF28|q'
Slack : -0.394
TNS   : -0.570

Type  : Slow 1100mV 0C Model Minimum Pulse Width 'Counter_32bit:Counter_32bit1|DFF_David:DFF26|q'
Slack : -0.394
TNS   : -0.568

Type  : Slow 1100mV 0C Model Minimum Pulse Width 'Counter_32bit:Counter_32bit1|DFF_David:DFF25|q'
Slack : -0.394
TNS   : -0.556

Type  : Slow 1100mV 0C Model Minimum Pulse Width 'Counter_32bit:Counter_32bit1|DFF_David:DFF27|q'
Slack : -0.394
TNS   : -0.550

Type  : Slow 1100mV 0C Model Minimum Pulse Width 'Counter_32bit:Counter_32bit1|DFF_David:DFF2|q'
Slack : -0.394
TNS   : -0.548

Type  : Slow 1100mV 0C Model Minimum Pulse Width 'Counter_32bit:Counter_32bit1|DFF_David:DFF7|q'
Slack : -0.394
TNS   : -0.542

Type  : Slow 1100mV 0C Model Minimum Pulse Width 'Counter_32bit:Counter_32bit1|DFF_David:DFF20|q'
Slack : -0.394
TNS   : -0.541

Type  : Slow 1100mV 0C Model Minimum Pulse Width 'Counter_32bit:Counter_32bit1|DFF_David:DFF18|q'
Slack : -0.394
TNS   : -0.539

Type  : Slow 1100mV 0C Model Minimum Pulse Width 'Counter_32bit:Counter_32bit1|DFF_David:DFF1|q'
Slack : -0.394
TNS   : -0.537

Type  : Slow 1100mV 0C Model Minimum Pulse Width 'Counter_32bit:Counter_32bit1|DFF_David:DFF13|q'
Slack : -0.394
TNS   : -0.527

Type  : Slow 1100mV 0C Model Minimum Pulse Width 'Counter_32bit:Counter_32bit1|DFF_David:DFF15|q'
Slack : -0.394
TNS   : -0.527

Type  : Slow 1100mV 0C Model Minimum Pulse Width 'Counter_32bit:Counter_32bit1|DFF_David:DFF17|q'
Slack : -0.394
TNS   : -0.525

Type  : Slow 1100mV 0C Model Minimum Pulse Width 'Counter_32bit:Counter_32bit1|DFF_David:DFF21|q'
Slack : -0.394
TNS   : -0.519

Type  : Slow 1100mV 0C Model Minimum Pulse Width 'Counter_32bit:Counter_32bit1|DFF_David:DFF11|q'
Slack : -0.394
TNS   : -0.515

Type  : Slow 1100mV 0C Model Minimum Pulse Width 'Counter_32bit:Counter_32bit1|DFF_David:DFF22|q'
Slack : -0.394
TNS   : -0.515

Type  : Slow 1100mV 0C Model Minimum Pulse Width 'Counter_32bit:Counter_32bit1|DFF_David:DFF23|q'
Slack : -0.394
TNS   : -0.515

Type  : Slow 1100mV 0C Model Minimum Pulse Width 'Counter_32bit:Counter_32bit1|DFF_David:DFF6|q'
Slack : -0.394
TNS   : -0.509

Type  : Slow 1100mV 0C Model Minimum Pulse Width 'Counter_32bit:Counter_32bit1|DFF_David:DFF9|q'
Slack : -0.394
TNS   : -0.508

Type  : Fast 1100mV 85C Model Setup 'clk'
Slack : -1.975
TNS   : -1.975

Type  : Fast 1100mV 85C Model Setup 'Counter_32bit:Counter_32bit1|DFF_David:DFF17|q'
Slack : -1.274
TNS   : -1.274

Type  : Fast 1100mV 85C Model Setup 'Counter_32bit:Counter_32bit1|DFF_David:DFF2|q'
Slack : -1.199
TNS   : -1.199

Type  : Fast 1100mV 85C Model Setup 'Counter_32bit:Counter_32bit1|DFF_David:DFF25|q'
Slack : -1.195
TNS   : -1.195

Type  : Fast 1100mV 85C Model Setup 'Counter_32bit:Counter_32bit1|DFF_David:DFF22|q'
Slack : -1.193
TNS   : -1.193

Type  : Fast 1100mV 85C Model Setup 'Counter_32bit:Counter_32bit1|DFF_David:DFF20|q'
Slack : -1.186
TNS   : -1.186

Type  : Fast 1100mV 85C Model Setup 'Counter_32bit:Counter_32bit1|DFF_David:DFF27|q'
Slack : -1.154
TNS   : -1.154

Type  : Fast 1100mV 85C Model Setup 'Counter_32bit:Counter_32bit1|DFF_David:DFF1|q'
Slack : -1.131
TNS   : -1.131

Type  : Fast 1100mV 85C Model Setup 'Counter_32bit:Counter_32bit1|DFF_David:DFF23|q'
Slack : -1.118
TNS   : -1.118

Type  : Fast 1100mV 85C Model Setup 'Counter_32bit:Counter_32bit1|DFF_David:DFF4|q'
Slack : -1.106
TNS   : -1.106

Type  : Fast 1100mV 85C Model Setup 'Counter_32bit:Counter_32bit1|DFF_David:DFF7|q'
Slack : -1.104
TNS   : -1.104

Type  : Fast 1100mV 85C Model Setup 'Counter_32bit:Counter_32bit1|DFF_David:DFF15|q'
Slack : -1.103
TNS   : -1.103

Type  : Fast 1100mV 85C Model Setup 'Counter_32bit:Counter_32bit1|DFF_David:DFF13|q'
Slack : -1.087
TNS   : -1.087

Type  : Fast 1100mV 85C Model Setup 'Counter_32bit:Counter_32bit1|DFF_David:DFF3|q'
Slack : -1.063
TNS   : -1.063

Type  : Fast 1100mV 85C Model Setup 'Counter_32bit:Counter_32bit1|DFF_David:DFF19|q'
Slack : -1.037
TNS   : -1.037

Type  : Fast 1100mV 85C Model Setup 'Counter_32bit:Counter_32bit1|DFF_David:DFF10|q'
Slack : -1.023
TNS   : -1.023

Type  : Fast 1100mV 85C Model Setup 'Counter_32bit:Counter_32bit1|DFF_David:DFF12|q'
Slack : -1.010
TNS   : -1.010

Type  : Fast 1100mV 85C Model Setup 'Counter_32bit:Counter_32bit1|DFF_David:DFF18|q'
Slack : -0.992
TNS   : -0.992

Type  : Fast 1100mV 85C Model Setup 'Counter_32bit:Counter_32bit1|DFF_David:DFF21|q'
Slack : -0.965
TNS   : -0.965

Type  : Fast 1100mV 85C Model Setup 'Counter_32bit:Counter_32bit1|DFF_David:DFF11|q'
Slack : -0.954
TNS   : -0.954

Type  : Fast 1100mV 85C Model Setup 'Counter_32bit:Counter_32bit1|DFF_David:DFF26|q'
Slack : -0.936
TNS   : -0.936

Type  : Fast 1100mV 85C Model Setup 'Counter_32bit:Counter_32bit1|DFF_David:DFF5|q'
Slack : -0.915
TNS   : -0.915

Type  : Fast 1100mV 85C Model Setup 'Counter_32bit:Counter_32bit1|DFF_David:DFF6|q'
Slack : -0.897
TNS   : -0.897

Type  : Fast 1100mV 85C Model Setup 'Counter_32bit:Counter_32bit1|DFF_David:DFF24|q'
Slack : -0.888
TNS   : -0.888

Type  : Fast 1100mV 85C Model Setup 'Counter_32bit:Counter_32bit1|DFF_David:DFF0|q'
Slack : -0.885
TNS   : -0.885

Type  : Fast 1100mV 85C Model Setup 'Counter_32bit:Counter_32bit1|DFF_David:DFF16|q'
Slack : -0.884
TNS   : -0.884

Type  : Fast 1100mV 85C Model Setup 'Counter_32bit:Counter_32bit1|DFF_David:DFF9|q'
Slack : -0.883
TNS   : -0.883

Type  : Fast 1100mV 85C Model Setup 'Counter_32bit:Counter_32bit1|DFF_David:DFF14|q'
Slack : -0.860
TNS   : -0.860

Type  : Fast 1100mV 85C Model Setup 'Counter_32bit:Counter_32bit1|DFF_David:DFF8|q'
Slack : -0.834
TNS   : -0.834

Type  : Fast 1100mV 85C Model Setup 'Counter_32bit:Counter_32bit1|DFF_David:DFF28|q'
Slack : -0.130
TNS   : -0.130

Type  : Fast 1100mV 85C Model Hold 'Counter_32bit:Counter_32bit1|DFF_David:DFF9|q'
Slack : 0.032
TNS   : 0.000

Type  : Fast 1100mV 85C Model Hold 'Counter_32bit:Counter_32bit1|DFF_David:DFF6|q'
Slack : 0.061
TNS   : 0.000

Type  : Fast 1100mV 85C Model Hold 'Counter_32bit:Counter_32bit1|DFF_David:DFF8|q'
Slack : 0.065
TNS   : 0.000

Type  : Fast 1100mV 85C Model Hold 'Counter_32bit:Counter_32bit1|DFF_David:DFF14|q'
Slack : 0.086
TNS   : 0.000

Type  : Fast 1100mV 85C Model Hold 'Counter_32bit:Counter_32bit1|DFF_David:DFF16|q'
Slack : 0.102
TNS   : 0.000

Type  : Fast 1100mV 85C Model Hold 'Counter_32bit:Counter_32bit1|DFF_David:DFF0|q'
Slack : 0.113
TNS   : 0.000

Type  : Fast 1100mV 85C Model Hold 'Counter_32bit:Counter_32bit1|DFF_David:DFF24|q'
Slack : 0.127
TNS   : 0.000

Type  : Fast 1100mV 85C Model Hold 'Counter_32bit:Counter_32bit1|DFF_David:DFF5|q'
Slack : 0.131
TNS   : 0.000

Type  : Fast 1100mV 85C Model Hold 'Counter_32bit:Counter_32bit1|DFF_David:DFF26|q'
Slack : 0.145
TNS   : 0.000

Type  : Fast 1100mV 85C Model Hold 'Counter_32bit:Counter_32bit1|DFF_David:DFF18|q'
Slack : 0.154
TNS   : 0.000

Type  : Fast 1100mV 85C Model Hold 'Counter_32bit:Counter_32bit1|DFF_David:DFF13|q'
Slack : 0.174
TNS   : 0.000

Type  : Fast 1100mV 85C Model Hold 'Counter_32bit:Counter_32bit1|DFF_David:DFF7|q'
Slack : 0.176
TNS   : 0.000

Type  : Fast 1100mV 85C Model Hold 'Counter_32bit:Counter_32bit1|DFF_David:DFF21|q'
Slack : 0.177
TNS   : 0.000

Type  : Fast 1100mV 85C Model Hold 'Counter_32bit:Counter_32bit1|DFF_David:DFF12|q'
Slack : 0.181
TNS   : 0.000

Type  : Fast 1100mV 85C Model Hold 'Counter_32bit:Counter_32bit1|DFF_David:DFF19|q'
Slack : 0.196
TNS   : 0.000

Type  : Fast 1100mV 85C Model Hold 'Counter_32bit:Counter_32bit1|DFF_David:DFF15|q'
Slack : 0.214
TNS   : 0.000

Type  : Fast 1100mV 85C Model Hold 'Counter_32bit:Counter_32bit1|DFF_David:DFF4|q'
Slack : 0.223
TNS   : 0.000

Type  : Fast 1100mV 85C Model Hold 'Counter_32bit:Counter_32bit1|DFF_David:DFF10|q'
Slack : 0.227
TNS   : 0.000

Type  : Fast 1100mV 85C Model Hold 'Counter_32bit:Counter_32bit1|DFF_David:DFF3|q'
Slack : 0.235
TNS   : 0.000

Type  : Fast 1100mV 85C Model Hold 'Counter_32bit:Counter_32bit1|DFF_David:DFF11|q'
Slack : 0.240
TNS   : 0.000

Type  : Fast 1100mV 85C Model Hold 'Counter_32bit:Counter_32bit1|DFF_David:DFF20|q'
Slack : 0.245
TNS   : 0.000

Type  : Fast 1100mV 85C Model Hold 'Counter_32bit:Counter_32bit1|DFF_David:DFF28|q'
Slack : 0.248
TNS   : 0.000

Type  : Fast 1100mV 85C Model Hold 'Counter_32bit:Counter_32bit1|DFF_David:DFF23|q'
Slack : 0.287
TNS   : 0.000

Type  : Fast 1100mV 85C Model Hold 'Counter_32bit:Counter_32bit1|DFF_David:DFF17|q'
Slack : 0.330
TNS   : 0.000

Type  : Fast 1100mV 85C Model Hold 'Counter_32bit:Counter_32bit1|DFF_David:DFF27|q'
Slack : 0.343
TNS   : 0.000

Type  : Fast 1100mV 85C Model Hold 'Counter_32bit:Counter_32bit1|DFF_David:DFF1|q'
Slack : 0.364
TNS   : 0.000

Type  : Fast 1100mV 85C Model Hold 'Counter_32bit:Counter_32bit1|DFF_David:DFF22|q'
Slack : 0.397
TNS   : 0.000

Type  : Fast 1100mV 85C Model Hold 'Counter_32bit:Counter_32bit1|DFF_David:DFF25|q'
Slack : 0.415
TNS   : 0.000

Type  : Fast 1100mV 85C Model Hold 'Counter_32bit:Counter_32bit1|DFF_David:DFF2|q'
Slack : 0.457
TNS   : 0.000

Type  : Fast 1100mV 85C Model Hold 'clk'
Slack : 0.891
TNS   : 0.000

Type  : Fast 1100mV 85C Model Minimum Pulse Width 'clk'
Slack : -0.381
TNS   : -0.410

Type  : Fast 1100mV 85C Model Minimum Pulse Width 'Counter_32bit:Counter_32bit1|DFF_David:DFF20|q'
Slack : 0.077
TNS   : 0.000

Type  : Fast 1100mV 85C Model Minimum Pulse Width 'Counter_32bit:Counter_32bit1|DFF_David:DFF7|q'
Slack : 0.084
TNS   : 0.000

Type  : Fast 1100mV 85C Model Minimum Pulse Width 'Counter_32bit:Counter_32bit1|DFF_David:DFF24|q'
Slack : 0.091
TNS   : 0.000

Type  : Fast 1100mV 85C Model Minimum Pulse Width 'Counter_32bit:Counter_32bit1|DFF_David:DFF10|q'
Slack : 0.092
TNS   : 0.000

Type  : Fast 1100mV 85C Model Minimum Pulse Width 'Counter_32bit:Counter_32bit1|DFF_David:DFF14|q'
Slack : 0.094
TNS   : 0.000

Type  : Fast 1100mV 85C Model Minimum Pulse Width 'Counter_32bit:Counter_32bit1|DFF_David:DFF16|q'
Slack : 0.094
TNS   : 0.000

Type  : Fast 1100mV 85C Model Minimum Pulse Width 'Counter_32bit:Counter_32bit1|DFF_David:DFF4|q'
Slack : 0.113
TNS   : 0.000

Type  : Fast 1100mV 85C Model Minimum Pulse Width 'Counter_32bit:Counter_32bit1|DFF_David:DFF17|q'
Slack : 0.117
TNS   : 0.000

Type  : Fast 1100mV 85C Model Minimum Pulse Width 'Counter_32bit:Counter_32bit1|DFF_David:DFF19|q'
Slack : 0.117
TNS   : 0.000

Type  : Fast 1100mV 85C Model Minimum Pulse Width 'Counter_32bit:Counter_32bit1|DFF_David:DFF3|q'
Slack : 0.117
TNS   : 0.000

Type  : Fast 1100mV 85C Model Minimum Pulse Width 'Counter_32bit:Counter_32bit1|DFF_David:DFF28|q'
Slack : 0.120
TNS   : 0.000

Type  : Fast 1100mV 85C Model Minimum Pulse Width 'Counter_32bit:Counter_32bit1|DFF_David:DFF5|q'
Slack : 0.121
TNS   : 0.000

Type  : Fast 1100mV 85C Model Minimum Pulse Width 'Counter_32bit:Counter_32bit1|DFF_David:DFF8|q'
Slack : 0.121
TNS   : 0.000

Type  : Fast 1100mV 85C Model Minimum Pulse Width 'Counter_32bit:Counter_32bit1|DFF_David:DFF13|q'
Slack : 0.124
TNS   : 0.000

Type  : Fast 1100mV 85C Model Minimum Pulse Width 'Counter_32bit:Counter_32bit1|DFF_David:DFF26|q'
Slack : 0.124
TNS   : 0.000

Type  : Fast 1100mV 85C Model Minimum Pulse Width 'Counter_32bit:Counter_32bit1|DFF_David:DFF0|q'
Slack : 0.127
TNS   : 0.000

Type  : Fast 1100mV 85C Model Minimum Pulse Width 'Counter_32bit:Counter_32bit1|DFF_David:DFF12|q'
Slack : 0.127
TNS   : 0.000

Type  : Fast 1100mV 85C Model Minimum Pulse Width 'Counter_32bit:Counter_32bit1|DFF_David:DFF15|q'
Slack : 0.128
TNS   : 0.000

Type  : Fast 1100mV 85C Model Minimum Pulse Width 'Counter_32bit:Counter_32bit1|DFF_David:DFF11|q'
Slack : 0.136
TNS   : 0.000

Type  : Fast 1100mV 85C Model Minimum Pulse Width 'Counter_32bit:Counter_32bit1|DFF_David:DFF18|q'
Slack : 0.137
TNS   : 0.000

Type  : Fast 1100mV 85C Model Minimum Pulse Width 'Counter_32bit:Counter_32bit1|DFF_David:DFF25|q'
Slack : 0.137
TNS   : 0.000

Type  : Fast 1100mV 85C Model Minimum Pulse Width 'Counter_32bit:Counter_32bit1|DFF_David:DFF27|q'
Slack : 0.141
TNS   : 0.000

Type  : Fast 1100mV 85C Model Minimum Pulse Width 'Counter_32bit:Counter_32bit1|DFF_David:DFF1|q'
Slack : 0.149
TNS   : 0.000

Type  : Fast 1100mV 85C Model Minimum Pulse Width 'Counter_32bit:Counter_32bit1|DFF_David:DFF2|q'
Slack : 0.151
TNS   : 0.000

Type  : Fast 1100mV 85C Model Minimum Pulse Width 'Counter_32bit:Counter_32bit1|DFF_David:DFF6|q'
Slack : 0.152
TNS   : 0.000

Type  : Fast 1100mV 85C Model Minimum Pulse Width 'Counter_32bit:Counter_32bit1|DFF_David:DFF23|q'
Slack : 0.158
TNS   : 0.000

Type  : Fast 1100mV 85C Model Minimum Pulse Width 'Counter_32bit:Counter_32bit1|DFF_David:DFF21|q'
Slack : 0.160
TNS   : 0.000

Type  : Fast 1100mV 85C Model Minimum Pulse Width 'Counter_32bit:Counter_32bit1|DFF_David:DFF22|q'
Slack : 0.162
TNS   : 0.000

Type  : Fast 1100mV 85C Model Minimum Pulse Width 'Counter_32bit:Counter_32bit1|DFF_David:DFF9|q'
Slack : 0.163
TNS   : 0.000

Type  : Fast 1100mV 0C Model Setup 'clk'
Slack : -1.635
TNS   : -1.635

Type  : Fast 1100mV 0C Model Setup 'Counter_32bit:Counter_32bit1|DFF_David:DFF17|q'
Slack : -1.131
TNS   : -1.131

Type  : Fast 1100mV 0C Model Setup 'Counter_32bit:Counter_32bit1|DFF_David:DFF2|q'
Slack : -1.076
TNS   : -1.076

Type  : Fast 1100mV 0C Model Setup 'Counter_32bit:Counter_32bit1|DFF_David:DFF25|q'
Slack : -1.068
TNS   : -1.068

Type  : Fast 1100mV 0C Model Setup 'Counter_32bit:Counter_32bit1|DFF_David:DFF22|q'
Slack : -1.055
TNS   : -1.055

Type  : Fast 1100mV 0C Model Setup 'Counter_32bit:Counter_32bit1|DFF_David:DFF27|q'
Slack : -1.031
TNS   : -1.031

Type  : Fast 1100mV 0C Model Setup 'Counter_32bit:Counter_32bit1|DFF_David:DFF20|q'
Slack : -1.024
TNS   : -1.024

Type  : Fast 1100mV 0C Model Setup 'Counter_32bit:Counter_32bit1|DFF_David:DFF1|q'
Slack : -1.005
TNS   : -1.005

Type  : Fast 1100mV 0C Model Setup 'Counter_32bit:Counter_32bit1|DFF_David:DFF15|q'
Slack : -0.992
TNS   : -0.992

Type  : Fast 1100mV 0C Model Setup 'Counter_32bit:Counter_32bit1|DFF_David:DFF7|q'
Slack : -0.985
TNS   : -0.985

Type  : Fast 1100mV 0C Model Setup 'Counter_32bit:Counter_32bit1|DFF_David:DFF4|q'
Slack : -0.984
TNS   : -0.984

Type  : Fast 1100mV 0C Model Setup 'Counter_32bit:Counter_32bit1|DFF_David:DFF23|q'
Slack : -0.974
TNS   : -0.974

Type  : Fast 1100mV 0C Model Setup 'Counter_32bit:Counter_32bit1|DFF_David:DFF13|q'
Slack : -0.970
TNS   : -0.970

Type  : Fast 1100mV 0C Model Setup 'Counter_32bit:Counter_32bit1|DFF_David:DFF3|q'
Slack : -0.953
TNS   : -0.953

Type  : Fast 1100mV 0C Model Setup 'Counter_32bit:Counter_32bit1|DFF_David:DFF19|q'
Slack : -0.933
TNS   : -0.933

Type  : Fast 1100mV 0C Model Setup 'Counter_32bit:Counter_32bit1|DFF_David:DFF10|q'
Slack : -0.925
TNS   : -0.925

Type  : Fast 1100mV 0C Model Setup 'Counter_32bit:Counter_32bit1|DFF_David:DFF12|q'
Slack : -0.902
TNS   : -0.902

Type  : Fast 1100mV 0C Model Setup 'Counter_32bit:Counter_32bit1|DFF_David:DFF18|q'
Slack : -0.899
TNS   : -0.899

Type  : Fast 1100mV 0C Model Setup 'Counter_32bit:Counter_32bit1|DFF_David:DFF21|q'
Slack : -0.881
TNS   : -0.881

Type  : Fast 1100mV 0C Model Setup 'Counter_32bit:Counter_32bit1|DFF_David:DFF11|q'
Slack : -0.857
TNS   : -0.857

Type  : Fast 1100mV 0C Model Setup 'Counter_32bit:Counter_32bit1|DFF_David:DFF5|q'
Slack : -0.842
TNS   : -0.842

Type  : Fast 1100mV 0C Model Setup 'Counter_32bit:Counter_32bit1|DFF_David:DFF26|q'
Slack : -0.837
TNS   : -0.837

Type  : Fast 1100mV 0C Model Setup 'Counter_32bit:Counter_32bit1|DFF_David:DFF24|q'
Slack : -0.825
TNS   : -0.825

Type  : Fast 1100mV 0C Model Setup 'Counter_32bit:Counter_32bit1|DFF_David:DFF16|q'
Slack : -0.819
TNS   : -0.819

Type  : Fast 1100mV 0C Model Setup 'Counter_32bit:Counter_32bit1|DFF_David:DFF6|q'
Slack : -0.815
TNS   : -0.815

Type  : Fast 1100mV 0C Model Setup 'Counter_32bit:Counter_32bit1|DFF_David:DFF0|q'
Slack : -0.814
TNS   : -0.814

Type  : Fast 1100mV 0C Model Setup 'Counter_32bit:Counter_32bit1|DFF_David:DFF14|q'
Slack : -0.803
TNS   : -0.803

Type  : Fast 1100mV 0C Model Setup 'Counter_32bit:Counter_32bit1|DFF_David:DFF9|q'
Slack : -0.792
TNS   : -0.792

Type  : Fast 1100mV 0C Model Setup 'Counter_32bit:Counter_32bit1|DFF_David:DFF8|q'
Slack : -0.772
TNS   : -0.772

Type  : Fast 1100mV 0C Model Setup 'Counter_32bit:Counter_32bit1|DFF_David:DFF28|q'
Slack : -0.081
TNS   : -0.081

Type  : Fast 1100mV 0C Model Hold 'Counter_32bit:Counter_32bit1|DFF_David:DFF9|q'
Slack : -0.002
TNS   : -0.002

Type  : Fast 1100mV 0C Model Hold 'Counter_32bit:Counter_32bit1|DFF_David:DFF6|q'
Slack : 0.024
TNS   : 0.000

Type  : Fast 1100mV 0C Model Hold 'Counter_32bit:Counter_32bit1|DFF_David:DFF8|q'
Slack : 0.043
TNS   : 0.000

Type  : Fast 1100mV 0C Model Hold 'Counter_32bit:Counter_32bit1|DFF_David:DFF14|q'
Slack : 0.067
TNS   : 0.000

Type  : Fast 1100mV 0C Model Hold 'Counter_32bit:Counter_32bit1|DFF_David:DFF16|q'
Slack : 0.084
TNS   : 0.000

Type  : Fast 1100mV 0C Model Hold 'Counter_32bit:Counter_32bit1|DFF_David:DFF26|q'
Slack : 0.089
TNS   : 0.000

Type  : Fast 1100mV 0C Model Hold 'Counter_32bit:Counter_32bit1|DFF_David:DFF0|q'
Slack : 0.091
TNS   : 0.000

Type  : Fast 1100mV 0C Model Hold 'Counter_32bit:Counter_32bit1|DFF_David:DFF5|q'
Slack : 0.102
TNS   : 0.000

Type  : Fast 1100mV 0C Model Hold 'Counter_32bit:Counter_32bit1|DFF_David:DFF24|q'
Slack : 0.106
TNS   : 0.000

Type  : Fast 1100mV 0C Model Hold 'Counter_32bit:Counter_32bit1|DFF_David:DFF18|q'
Slack : 0.107
TNS   : 0.000

Type  : Fast 1100mV 0C Model Hold 'Counter_32bit:Counter_32bit1|DFF_David:DFF12|q'
Slack : 0.122
TNS   : 0.000

Type  : Fast 1100mV 0C Model Hold 'Counter_32bit:Counter_32bit1|DFF_David:DFF13|q'
Slack : 0.132
TNS   : 0.000

Type  : Fast 1100mV 0C Model Hold 'Counter_32bit:Counter_32bit1|DFF_David:DFF21|q'
Slack : 0.134
TNS   : 0.000

Type  : Fast 1100mV 0C Model Hold 'Counter_32bit:Counter_32bit1|DFF_David:DFF19|q'
Slack : 0.139
TNS   : 0.000

Type  : Fast 1100mV 0C Model Hold 'Counter_32bit:Counter_32bit1|DFF_David:DFF7|q'
Slack : 0.146
TNS   : 0.000

Type  : Fast 1100mV 0C Model Hold 'Counter_32bit:Counter_32bit1|DFF_David:DFF15|q'
Slack : 0.165
TNS   : 0.000

Type  : Fast 1100mV 0C Model Hold 'Counter_32bit:Counter_32bit1|DFF_David:DFF10|q'
Slack : 0.169
TNS   : 0.000

Type  : Fast 1100mV 0C Model Hold 'Counter_32bit:Counter_32bit1|DFF_David:DFF4|q'
Slack : 0.169
TNS   : 0.000

Type  : Fast 1100mV 0C Model Hold 'Counter_32bit:Counter_32bit1|DFF_David:DFF3|q'
Slack : 0.175
TNS   : 0.000

Type  : Fast 1100mV 0C Model Hold 'Counter_32bit:Counter_32bit1|DFF_David:DFF20|q'
Slack : 0.176
TNS   : 0.000

Type  : Fast 1100mV 0C Model Hold 'Counter_32bit:Counter_32bit1|DFF_David:DFF11|q'
Slack : 0.186
TNS   : 0.000

Type  : Fast 1100mV 0C Model Hold 'Counter_32bit:Counter_32bit1|DFF_David:DFF23|q'
Slack : 0.205
TNS   : 0.000

Type  : Fast 1100mV 0C Model Hold 'Counter_32bit:Counter_32bit1|DFF_David:DFF28|q'
Slack : 0.233
TNS   : 0.000

Type  : Fast 1100mV 0C Model Hold 'Counter_32bit:Counter_32bit1|DFF_David:DFF17|q'
Slack : 0.270
TNS   : 0.000

Type  : Fast 1100mV 0C Model Hold 'Counter_32bit:Counter_32bit1|DFF_David:DFF27|q'
Slack : 0.271
TNS   : 0.000

Type  : Fast 1100mV 0C Model Hold 'Counter_32bit:Counter_32bit1|DFF_David:DFF1|q'
Slack : 0.285
TNS   : 0.000

Type  : Fast 1100mV 0C Model Hold 'Counter_32bit:Counter_32bit1|DFF_David:DFF22|q'
Slack : 0.311
TNS   : 0.000

Type  : Fast 1100mV 0C Model Hold 'Counter_32bit:Counter_32bit1|DFF_David:DFF25|q'
Slack : 0.331
TNS   : 0.000

Type  : Fast 1100mV 0C Model Hold 'Counter_32bit:Counter_32bit1|DFF_David:DFF2|q'
Slack : 0.371
TNS   : 0.000

Type  : Fast 1100mV 0C Model Hold 'clk'
Slack : 0.619
TNS   : 0.000

Type  : Fast 1100mV 0C Model Minimum Pulse Width 'clk'
Slack : -0.365
TNS   : -0.388

Type  : Fast 1100mV 0C Model Minimum Pulse Width 'Counter_32bit:Counter_32bit1|DFF_David:DFF20|q'
Slack : 0.081
TNS   : 0.000

Type  : Fast 1100mV 0C Model Minimum Pulse Width 'Counter_32bit:Counter_32bit1|DFF_David:DFF7|q'
Slack : 0.097
TNS   : 0.000

Type  : Fast 1100mV 0C Model Minimum Pulse Width 'Counter_32bit:Counter_32bit1|DFF_David:DFF17|q'
Slack : 0.103
TNS   : 0.000

Type  : Fast 1100mV 0C Model Minimum Pulse Width 'Counter_32bit:Counter_32bit1|DFF_David:DFF13|q'
Slack : 0.109
TNS   : 0.000

Type  : Fast 1100mV 0C Model Minimum Pulse Width 'Counter_32bit:Counter_32bit1|DFF_David:DFF24|q'
Slack : 0.112
TNS   : 0.000

Type  : Fast 1100mV 0C Model Minimum Pulse Width 'Counter_32bit:Counter_32bit1|DFF_David:DFF10|q'
Slack : 0.113
TNS   : 0.000

Type  : Fast 1100mV 0C Model Minimum Pulse Width 'Counter_32bit:Counter_32bit1|DFF_David:DFF14|q'
Slack : 0.114
TNS   : 0.000

Type  : Fast 1100mV 0C Model Minimum Pulse Width 'Counter_32bit:Counter_32bit1|DFF_David:DFF16|q'
Slack : 0.114
TNS   : 0.000

Type  : Fast 1100mV 0C Model Minimum Pulse Width 'Counter_32bit:Counter_32bit1|DFF_David:DFF15|q'
Slack : 0.115
TNS   : 0.000

Type  : Fast 1100mV 0C Model Minimum Pulse Width 'Counter_32bit:Counter_32bit1|DFF_David:DFF4|q'
Slack : 0.130
TNS   : 0.000

Type  : Fast 1100mV 0C Model Minimum Pulse Width 'Counter_32bit:Counter_32bit1|DFF_David:DFF11|q'
Slack : 0.132
TNS   : 0.000

Type  : Fast 1100mV 0C Model Minimum Pulse Width 'Counter_32bit:Counter_32bit1|DFF_David:DFF6|q'
Slack : 0.136
TNS   : 0.000

Type  : Fast 1100mV 0C Model Minimum Pulse Width 'Counter_32bit:Counter_32bit1|DFF_David:DFF28|q'
Slack : 0.137
TNS   : 0.000

Type  : Fast 1100mV 0C Model Minimum Pulse Width 'Counter_32bit:Counter_32bit1|DFF_David:DFF19|q'
Slack : 0.142
TNS   : 0.000

Type  : Fast 1100mV 0C Model Minimum Pulse Width 'Counter_32bit:Counter_32bit1|DFF_David:DFF23|q'
Slack : 0.142
TNS   : 0.000

Type  : Fast 1100mV 0C Model Minimum Pulse Width 'Counter_32bit:Counter_32bit1|DFF_David:DFF3|q'
Slack : 0.142
TNS   : 0.000

Type  : Fast 1100mV 0C Model Minimum Pulse Width 'Counter_32bit:Counter_32bit1|DFF_David:DFF9|q'
Slack : 0.143
TNS   : 0.000

Type  : Fast 1100mV 0C Model Minimum Pulse Width 'Counter_32bit:Counter_32bit1|DFF_David:DFF22|q'
Slack : 0.144
TNS   : 0.000

Type  : Fast 1100mV 0C Model Minimum Pulse Width 'Counter_32bit:Counter_32bit1|DFF_David:DFF21|q'
Slack : 0.145
TNS   : 0.000

Type  : Fast 1100mV 0C Model Minimum Pulse Width 'Counter_32bit:Counter_32bit1|DFF_David:DFF26|q'
Slack : 0.146
TNS   : 0.000

Type  : Fast 1100mV 0C Model Minimum Pulse Width 'Counter_32bit:Counter_32bit1|DFF_David:DFF5|q'
Slack : 0.146
TNS   : 0.000

Type  : Fast 1100mV 0C Model Minimum Pulse Width 'Counter_32bit:Counter_32bit1|DFF_David:DFF8|q'
Slack : 0.146
TNS   : 0.000

Type  : Fast 1100mV 0C Model Minimum Pulse Width 'Counter_32bit:Counter_32bit1|DFF_David:DFF0|q'
Slack : 0.149
TNS   : 0.000

Type  : Fast 1100mV 0C Model Minimum Pulse Width 'Counter_32bit:Counter_32bit1|DFF_David:DFF12|q'
Slack : 0.149
TNS   : 0.000

Type  : Fast 1100mV 0C Model Minimum Pulse Width 'Counter_32bit:Counter_32bit1|DFF_David:DFF25|q'
Slack : 0.154
TNS   : 0.000

Type  : Fast 1100mV 0C Model Minimum Pulse Width 'Counter_32bit:Counter_32bit1|DFF_David:DFF18|q'
Slack : 0.156
TNS   : 0.000

Type  : Fast 1100mV 0C Model Minimum Pulse Width 'Counter_32bit:Counter_32bit1|DFF_David:DFF27|q'
Slack : 0.156
TNS   : 0.000

Type  : Fast 1100mV 0C Model Minimum Pulse Width 'Counter_32bit:Counter_32bit1|DFF_David:DFF2|q'
Slack : 0.161
TNS   : 0.000

Type  : Fast 1100mV 0C Model Minimum Pulse Width 'Counter_32bit:Counter_32bit1|DFF_David:DFF1|q'
Slack : 0.162
TNS   : 0.000

------------------------------------------------------------
