Analysis & Synthesis report for DCalles_Lab4_OctalDecoder
Thu Jun 17 18:13:13 2021
Quartus Prime Version 20.1.1 Build 720 11/11/2020 SJ Lite Edition


---------------------
; Table of Contents ;
---------------------
  1. Legal Notice
  2. Analysis & Synthesis Summary
  3. Analysis & Synthesis Settings
  4. Parallel Compilation
  5. Analysis & Synthesis Source Files Read
  6. Analysis & Synthesis Resource Usage Summary
  7. Analysis & Synthesis Resource Utilization by Entity
  8. General Register Statistics
  9. Port Connectivity Checks: "Counter_32bit:Counter_32bit1|DFF_David:DFF31"
 10. Port Connectivity Checks: "Counter_32bit:Counter_32bit1|DFF_David:DFF30"
 11. Port Connectivity Checks: "Counter_32bit:Counter_32bit1|DFF_David:DFF29"
 12. Port Connectivity Checks: "Counter_32bit:Counter_32bit1|DFF_David:DFF28"
 13. Port Connectivity Checks: "Counter_32bit:Counter_32bit1|DFF_David:DFF27"
 14. Port Connectivity Checks: "Counter_32bit:Counter_32bit1|DFF_David:DFF26"
 15. Port Connectivity Checks: "Counter_32bit:Counter_32bit1|DFF_David:DFF25"
 16. Port Connectivity Checks: "Counter_32bit:Counter_32bit1|DFF_David:DFF24"
 17. Port Connectivity Checks: "Counter_32bit:Counter_32bit1|DFF_David:DFF23"
 18. Port Connectivity Checks: "Counter_32bit:Counter_32bit1|DFF_David:DFF22"
 19. Port Connectivity Checks: "Counter_32bit:Counter_32bit1|DFF_David:DFF21"
 20. Port Connectivity Checks: "Counter_32bit:Counter_32bit1|DFF_David:DFF20"
 21. Port Connectivity Checks: "Counter_32bit:Counter_32bit1|DFF_David:DFF19"
 22. Port Connectivity Checks: "Counter_32bit:Counter_32bit1|DFF_David:DFF18"
 23. Port Connectivity Checks: "Counter_32bit:Counter_32bit1|DFF_David:DFF17"
 24. Port Connectivity Checks: "Counter_32bit:Counter_32bit1|DFF_David:DFF16"
 25. Port Connectivity Checks: "Counter_32bit:Counter_32bit1|DFF_David:DFF15"
 26. Port Connectivity Checks: "Counter_32bit:Counter_32bit1|DFF_David:DFF14"
 27. Port Connectivity Checks: "Counter_32bit:Counter_32bit1|DFF_David:DFF13"
 28. Port Connectivity Checks: "Counter_32bit:Counter_32bit1|DFF_David:DFF12"
 29. Port Connectivity Checks: "Counter_32bit:Counter_32bit1|DFF_David:DFF11"
 30. Port Connectivity Checks: "Counter_32bit:Counter_32bit1|DFF_David:DFF10"
 31. Port Connectivity Checks: "Counter_32bit:Counter_32bit1|DFF_David:DFF9"
 32. Port Connectivity Checks: "Counter_32bit:Counter_32bit1|DFF_David:DFF8"
 33. Port Connectivity Checks: "Counter_32bit:Counter_32bit1|DFF_David:DFF7"
 34. Port Connectivity Checks: "Counter_32bit:Counter_32bit1|DFF_David:DFF6"
 35. Port Connectivity Checks: "Counter_32bit:Counter_32bit1|DFF_David:DFF5"
 36. Port Connectivity Checks: "Counter_32bit:Counter_32bit1|DFF_David:DFF4"
 37. Port Connectivity Checks: "Counter_32bit:Counter_32bit1|DFF_David:DFF3"
 38. Port Connectivity Checks: "Counter_32bit:Counter_32bit1|DFF_David:DFF2"
 39. Port Connectivity Checks: "Counter_32bit:Counter_32bit1|DFF_David:DFF1"
 40. Port Connectivity Checks: "Counter_32bit:Counter_32bit1|DFF_David:DFF0"
 41. Post-Synthesis Netlist Statistics for Top Partition
 42. Elapsed Time Per Partition
 43. Analysis & Synthesis Messages



----------------
; Legal Notice ;
----------------
Copyright (C) 2020  Intel Corporation. All rights reserved.
Your use of Intel Corporation's design tools, logic functions 
and other software and tools, and any partner logic 
functions, and any output files from any of the foregoing 
(including device programming or simulation files), and any 
associated documentation or information are expressly subject 
to the terms and conditions of the Intel Program License 
Subscription Agreement, the Intel Quartus Prime License Agreement,
the Intel FPGA IP License Agreement, or other applicable license
agreement, including, without limitation, that your use is for
the sole purpose of programming logic devices manufactured by
Intel and sold by Intel or its authorized distributors.  Please
refer to the applicable agreement for further details, at
https://fpgasoftware.intel.com/eula.



+-------------------------------------------------------------------------------+
; Analysis & Synthesis Summary                                                  ;
+---------------------------------+---------------------------------------------+
; Analysis & Synthesis Status     ; Successful - Thu Jun 17 18:13:13 2021       ;
; Quartus Prime Version           ; 20.1.1 Build 720 11/11/2020 SJ Lite Edition ;
; Revision Name                   ; DCalles_Lab4_OctalDecoder                   ;
; Top-level Entity Name           ; DCalles_Lab4_OctalDecoder                   ;
; Family                          ; Cyclone V                                   ;
; Logic utilization (in ALMs)     ; N/A                                         ;
; Total registers                 ; 30                                          ;
; Total pins                      ; 12                                          ;
; Total virtual pins              ; 0                                           ;
; Total block memory bits         ; 0                                           ;
; Total DSP Blocks                ; 0                                           ;
; Total HSSI RX PCSs              ; 0                                           ;
; Total HSSI PMA RX Deserializers ; 0                                           ;
; Total HSSI TX PCSs              ; 0                                           ;
; Total HSSI PMA TX Serializers   ; 0                                           ;
; Total PLLs                      ; 0                                           ;
; Total DLLs                      ; 0                                           ;
+---------------------------------+---------------------------------------------+


+-----------------------------------------------------------------------------------------------------------------------------------------+
; Analysis & Synthesis Settings                                                                                                           ;
+---------------------------------------------------------------------------------+---------------------------+---------------------------+
; Option                                                                          ; Setting                   ; Default Value             ;
+---------------------------------------------------------------------------------+---------------------------+---------------------------+
; Device                                                                          ; 5CSEMA5F31C6              ;                           ;
; Top-level entity name                                                           ; DCalles_Lab4_OctalDecoder ; DCalles_Lab4_OctalDecoder ;
; Family name                                                                     ; Cyclone V                 ; Cyclone V                 ;
; Use smart compilation                                                           ; Off                       ; Off                       ;
; Enable parallel Assembler and Timing Analyzer during compilation                ; On                        ; On                        ;
; Enable compact report table                                                     ; Off                       ; Off                       ;
; Restructure Multiplexers                                                        ; Auto                      ; Auto                      ;
; MLAB Add Timing Constraints For Mixed-Port Feed-Through Mode Setting Don't Care ; Off                       ; Off                       ;
; Create Debugging Nodes for IP Cores                                             ; Off                       ; Off                       ;
; Preserve fewer node names                                                       ; On                        ; On                        ;
; Intel FPGA IP Evaluation Mode                                                   ; Enable                    ; Enable                    ;
; Verilog Version                                                                 ; Verilog_2001              ; Verilog_2001              ;
; VHDL Version                                                                    ; VHDL_1993                 ; VHDL_1993                 ;
; State Machine Processing                                                        ; Auto                      ; Auto                      ;
; Safe State Machine                                                              ; Off                       ; Off                       ;
; Extract Verilog State Machines                                                  ; On                        ; On                        ;
; Extract VHDL State Machines                                                     ; On                        ; On                        ;
; Ignore Verilog initial constructs                                               ; Off                       ; Off                       ;
; Iteration limit for constant Verilog loops                                      ; 5000                      ; 5000                      ;
; Iteration limit for non-constant Verilog loops                                  ; 250                       ; 250                       ;
; Add Pass-Through Logic to Inferred RAMs                                         ; On                        ; On                        ;
; Infer RAMs from Raw Logic                                                       ; On                        ; On                        ;
; Parallel Synthesis                                                              ; On                        ; On                        ;
; DSP Block Balancing                                                             ; Auto                      ; Auto                      ;
; NOT Gate Push-Back                                                              ; On                        ; On                        ;
; Power-Up Don't Care                                                             ; On                        ; On                        ;
; Remove Redundant Logic Cells                                                    ; Off                       ; Off                       ;
; Remove Duplicate Registers                                                      ; On                        ; On                        ;
; Ignore CARRY Buffers                                                            ; Off                       ; Off                       ;
; Ignore CASCADE Buffers                                                          ; Off                       ; Off                       ;
; Ignore GLOBAL Buffers                                                           ; Off                       ; Off                       ;
; Ignore ROW GLOBAL Buffers                                                       ; Off                       ; Off                       ;
; Ignore LCELL Buffers                                                            ; Off                       ; Off                       ;
; Ignore SOFT Buffers                                                             ; On                        ; On                        ;
; Limit AHDL Integers to 32 Bits                                                  ; Off                       ; Off                       ;
; Optimization Technique                                                          ; Balanced                  ; Balanced                  ;
; Carry Chain Length                                                              ; 70                        ; 70                        ;
; Auto Carry Chains                                                               ; On                        ; On                        ;
; Auto Open-Drain Pins                                                            ; On                        ; On                        ;
; Perform WYSIWYG Primitive Resynthesis                                           ; Off                       ; Off                       ;
; Auto ROM Replacement                                                            ; On                        ; On                        ;
; Auto RAM Replacement                                                            ; On                        ; On                        ;
; Auto DSP Block Replacement                                                      ; On                        ; On                        ;
; Auto Shift Register Replacement                                                 ; Auto                      ; Auto                      ;
; Allow Shift Register Merging across Hierarchies                                 ; Auto                      ; Auto                      ;
; Auto Clock Enable Replacement                                                   ; On                        ; On                        ;
; Strict RAM Replacement                                                          ; Off                       ; Off                       ;
; Allow Synchronous Control Signals                                               ; On                        ; On                        ;
; Force Use of Synchronous Clear Signals                                          ; Off                       ; Off                       ;
; Auto Resource Sharing                                                           ; Off                       ; Off                       ;
; Allow Any RAM Size For Recognition                                              ; Off                       ; Off                       ;
; Allow Any ROM Size For Recognition                                              ; Off                       ; Off                       ;
; Allow Any Shift Register Size For Recognition                                   ; Off                       ; Off                       ;
; Use LogicLock Constraints during Resource Balancing                             ; On                        ; On                        ;
; Ignore translate_off and synthesis_off directives                               ; Off                       ; Off                       ;
; Timing-Driven Synthesis                                                         ; On                        ; On                        ;
; Report Parameter Settings                                                       ; On                        ; On                        ;
; Report Source Assignments                                                       ; On                        ; On                        ;
; Report Connectivity Checks                                                      ; On                        ; On                        ;
; Ignore Maximum Fan-Out Assignments                                              ; Off                       ; Off                       ;
; Synchronization Register Chain Length                                           ; 3                         ; 3                         ;
; Power Optimization During Synthesis                                             ; Normal compilation        ; Normal compilation        ;
; HDL message level                                                               ; Level2                    ; Level2                    ;
; Suppress Register Optimization Related Messages                                 ; Off                       ; Off                       ;
; Number of Removed Registers Reported in Synthesis Report                        ; 5000                      ; 5000                      ;
; Number of Swept Nodes Reported in Synthesis Report                              ; 5000                      ; 5000                      ;
; Number of Inverted Registers Reported in Synthesis Report                       ; 100                       ; 100                       ;
; Clock MUX Protection                                                            ; On                        ; On                        ;
; Auto Gated Clock Conversion                                                     ; Off                       ; Off                       ;
; Block Design Naming                                                             ; Auto                      ; Auto                      ;
; SDC constraint protection                                                       ; Off                       ; Off                       ;
; Synthesis Effort                                                                ; Auto                      ; Auto                      ;
; Shift Register Replacement - Allow Asynchronous Clear Signal                    ; On                        ; On                        ;
; Pre-Mapping Resynthesis Optimization                                            ; Off                       ; Off                       ;
; Analysis & Synthesis Message Level                                              ; Medium                    ; Medium                    ;
; Disable Register Merging Across Hierarchies                                     ; Auto                      ; Auto                      ;
; Resource Aware Inference For Block RAM                                          ; On                        ; On                        ;
; Automatic Parallel Synthesis                                                    ; On                        ; On                        ;
; Partial Reconfiguration Bitstream ID                                            ; Off                       ; Off                       ;
+---------------------------------------------------------------------------------+---------------------------+---------------------------+


+------------------------------------------+
; Parallel Compilation                     ;
+----------------------------+-------------+
; Processors                 ; Number      ;
+----------------------------+-------------+
; Number detected on machine ; 8           ;
; Maximum allowed            ; 4           ;
;                            ;             ;
; Average used               ; 1.00        ;
; Maximum used               ; 4           ;
;                            ;             ;
; Usage by Processor         ; % Time Used ;
;     Processor 1            ; 100.0%      ;
;     Processor 2            ;   0.0%      ;
;     Processors 3-4         ;   0.0%      ;
+----------------------------+-------------+


+------------------------------------------------------------------------------------------------------------------------------------------------------------------------------------------------------------------------------+
; Analysis & Synthesis Source Files Read                                                                                                                                                                                       ;
+----------------------------------+-----------------+-----------------+---------------------------------------------------------------------------------------------------------------------------------------------+---------+
; File Name with User-Entered Path ; Used in Netlist ; File Type       ; File Name with Absolute Path                                                                                                                ; Library ;
+----------------------------------+-----------------+-----------------+---------------------------------------------------------------------------------------------------------------------------------------------+---------+
; DCalles_Lab4_OctalDecoder.vhd    ; yes             ; User VHDL File  ; C:/Users/yodav/Documents/Conestoga_College/FIRST_TERM/Digital_Design/LABS/Lab4/Digital-Frequency-Divider/VHDL/DCalles_Lab4_OctalDecoder.vhd ;         ;
; DFF_David.vhd                    ; yes             ; User VHDL File  ; C:/Users/yodav/Documents/Conestoga_College/FIRST_TERM/Digital_Design/LABS/Lab4/Digital-Frequency-Divider/VHDL/DFF_David.vhd                 ;         ;
; Counter_32bit.vhd                ; yes             ; User VHDL File  ; C:/Users/yodav/Documents/Conestoga_College/FIRST_TERM/Digital_Design/LABS/Lab4/Digital-Frequency-Divider/VHDL/Counter_32bit.vhd             ;         ;
+----------------------------------+-----------------+-----------------+---------------------------------------------------------------------------------------------------------------------------------------------+---------+


+-----------------------------------------------------------------+
; Analysis & Synthesis Resource Usage Summary                     ;
+---------------------------------------------+-------------------+
; Resource                                    ; Usage             ;
+---------------------------------------------+-------------------+
; Estimate of Logic utilization (ALMs needed) ; 19                ;
;                                             ;                   ;
; Combinational ALUT usage for logic          ; 38                ;
;     -- 7 input functions                    ; 0                 ;
;     -- 6 input functions                    ; 0                 ;
;     -- 5 input functions                    ; 0                 ;
;     -- 4 input functions                    ; 8                 ;
;     -- <=3 input functions                  ; 30                ;
;                                             ;                   ;
; Dedicated logic registers                   ; 30                ;
;                                             ;                   ;
; I/O pins                                    ; 12                ;
;                                             ;                   ;
; Total DSP Blocks                            ; 0                 ;
;                                             ;                   ;
; Maximum fan-out node                        ; selector[2]~input ;
; Maximum fan-out                             ; 8                 ;
; Total fan-out                               ; 142               ;
; Average fan-out                             ; 1.54              ;
+---------------------------------------------+-------------------+


+-----------------------------------------------------------------------------------------------------------------------------------------------------------------------------------------------------------------------------------------------------------------+
; Analysis & Synthesis Resource Utilization by Entity                                                                                                                                                                                                             ;
+-----------------------------------+---------------------+---------------------------+-------------------+------------+------+--------------+-------------------------------------------------------------------------+---------------------------+--------------+
; Compilation Hierarchy Node        ; Combinational ALUTs ; Dedicated Logic Registers ; Block Memory Bits ; DSP Blocks ; Pins ; Virtual Pins ; Full Hierarchy Name                                                     ; Entity Name               ; Library Name ;
+-----------------------------------+---------------------+---------------------------+-------------------+------------+------+--------------+-------------------------------------------------------------------------+---------------------------+--------------+
; |DCalles_Lab4_OctalDecoder        ; 38 (8)              ; 30 (0)                    ; 0                 ; 0          ; 12   ; 0            ; |DCalles_Lab4_OctalDecoder                                              ; DCalles_Lab4_OctalDecoder ; work         ;
;    |Counter_32bit:Counter_32bit1| ; 30 (0)              ; 30 (0)                    ; 0                 ; 0          ; 0    ; 0            ; |DCalles_Lab4_OctalDecoder|Counter_32bit:Counter_32bit1                 ; Counter_32bit             ; work         ;
;       |DFF_David:DFF0|            ; 1 (1)               ; 1 (1)                     ; 0                 ; 0          ; 0    ; 0            ; |DCalles_Lab4_OctalDecoder|Counter_32bit:Counter_32bit1|DFF_David:DFF0  ; DFF_David                 ; work         ;
;       |DFF_David:DFF10|           ; 1 (1)               ; 1 (1)                     ; 0                 ; 0          ; 0    ; 0            ; |DCalles_Lab4_OctalDecoder|Counter_32bit:Counter_32bit1|DFF_David:DFF10 ; DFF_David                 ; work         ;
;       |DFF_David:DFF11|           ; 1 (1)               ; 1 (1)                     ; 0                 ; 0          ; 0    ; 0            ; |DCalles_Lab4_OctalDecoder|Counter_32bit:Counter_32bit1|DFF_David:DFF11 ; DFF_David                 ; work         ;
;       |DFF_David:DFF12|           ; 1 (1)               ; 1 (1)                     ; 0                 ; 0          ; 0    ; 0            ; |DCalles_Lab4_OctalDecoder|Counter_32bit:Counter_32bit1|DFF_David:DFF12 ; DFF_David                 ; work         ;
;       |DFF_David:DFF13|           ; 1 (1)               ; 1 (1)                     ; 0                 ; 0          ; 0    ; 0            ; |DCalles_Lab4_OctalDecoder|Counter_32bit:Counter_32bit1|DFF_David:DFF13 ; DFF_David                 ; work         ;
;       |DFF_David:DFF14|           ; 1 (1)               ; 1 (1)                     ; 0                 ; 0          ; 0    ; 0            ; |DCalles_Lab4_OctalDecoder|Counter_32bit:Counter_32bit1|DFF_David:DFF14 ; DFF_David                 ; work         ;
;       |DFF_David:DFF15|           ; 1 (1)               ; 1 (1)                     ; 0                 ; 0          ; 0    ; 0            ; |DCalles_Lab4_OctalDecoder|Counter_32bit:Counter_32bit1|DFF_David:DFF15 ; DFF_David                 ; work         ;
;       |DFF_David:DFF16|           ; 1 (1)               ; 1 (1)                     ; 0                 ; 0          ; 0    ; 0            ; |DCalles_Lab4_OctalDecoder|Counter_32bit:Counter_32bit1|DFF_David:DFF16 ; DFF_David                 ; work         ;
;       |DFF_David:DFF17|           ; 1 (1)               ; 1 (1)                     ; 0                 ; 0          ; 0    ; 0            ; |DCalles_Lab4_OctalDecoder|Counter_32bit:Counter_32bit1|DFF_David:DFF17 ; DFF_David                 ; work         ;
;       |DFF_David:DFF18|           ; 1 (1)               ; 1 (1)                     ; 0                 ; 0          ; 0    ; 0            ; |DCalles_Lab4_OctalDecoder|Counter_32bit:Counter_32bit1|DFF_David:DFF18 ; DFF_David                 ; work         ;
;       |DFF_David:DFF19|           ; 1 (1)               ; 1 (1)                     ; 0                 ; 0          ; 0    ; 0            ; |DCalles_Lab4_OctalDecoder|Counter_32bit:Counter_32bit1|DFF_David:DFF19 ; DFF_David                 ; work         ;
;       |DFF_David:DFF1|            ; 1 (1)               ; 1 (1)                     ; 0                 ; 0          ; 0    ; 0            ; |DCalles_Lab4_OctalDecoder|Counter_32bit:Counter_32bit1|DFF_David:DFF1  ; DFF_David                 ; work         ;
;       |DFF_David:DFF20|           ; 1 (1)               ; 1 (1)                     ; 0                 ; 0          ; 0    ; 0            ; |DCalles_Lab4_OctalDecoder|Counter_32bit:Counter_32bit1|DFF_David:DFF20 ; DFF_David                 ; work         ;
;       |DFF_David:DFF21|           ; 1 (1)               ; 1 (1)                     ; 0                 ; 0          ; 0    ; 0            ; |DCalles_Lab4_OctalDecoder|Counter_32bit:Counter_32bit1|DFF_David:DFF21 ; DFF_David                 ; work         ;
;       |DFF_David:DFF22|           ; 1 (1)               ; 1 (1)                     ; 0                 ; 0          ; 0    ; 0            ; |DCalles_Lab4_OctalDecoder|Counter_32bit:Counter_32bit1|DFF_David:DFF22 ; DFF_David                 ; work         ;
;       |DFF_David:DFF23|           ; 1 (1)               ; 1 (1)                     ; 0                 ; 0          ; 0    ; 0            ; |DCalles_Lab4_OctalDecoder|Counter_32bit:Counter_32bit1|DFF_David:DFF23 ; DFF_David                 ; work         ;
;       |DFF_David:DFF24|           ; 1 (1)               ; 1 (1)                     ; 0                 ; 0          ; 0    ; 0            ; |DCalles_Lab4_OctalDecoder|Counter_32bit:Counter_32bit1|DFF_David:DFF24 ; DFF_David                 ; work         ;
;       |DFF_David:DFF25|           ; 1 (1)               ; 1 (1)                     ; 0                 ; 0          ; 0    ; 0            ; |DCalles_Lab4_OctalDecoder|Counter_32bit:Counter_32bit1|DFF_David:DFF25 ; DFF_David                 ; work         ;
;       |DFF_David:DFF26|           ; 1 (1)               ; 1 (1)                     ; 0                 ; 0          ; 0    ; 0            ; |DCalles_Lab4_OctalDecoder|Counter_32bit:Counter_32bit1|DFF_David:DFF26 ; DFF_David                 ; work         ;
;       |DFF_David:DFF27|           ; 1 (1)               ; 1 (1)                     ; 0                 ; 0          ; 0    ; 0            ; |DCalles_Lab4_OctalDecoder|Counter_32bit:Counter_32bit1|DFF_David:DFF27 ; DFF_David                 ; work         ;
;       |DFF_David:DFF28|           ; 1 (1)               ; 1 (1)                     ; 0                 ; 0          ; 0    ; 0            ; |DCalles_Lab4_OctalDecoder|Counter_32bit:Counter_32bit1|DFF_David:DFF28 ; DFF_David                 ; work         ;
;       |DFF_David:DFF29|           ; 1 (1)               ; 1 (1)                     ; 0                 ; 0          ; 0    ; 0            ; |DCalles_Lab4_OctalDecoder|Counter_32bit:Counter_32bit1|DFF_David:DFF29 ; DFF_David                 ; work         ;
;       |DFF_David:DFF2|            ; 1 (1)               ; 1 (1)                     ; 0                 ; 0          ; 0    ; 0            ; |DCalles_Lab4_OctalDecoder|Counter_32bit:Counter_32bit1|DFF_David:DFF2  ; DFF_David                 ; work         ;
;       |DFF_David:DFF3|            ; 1 (1)               ; 1 (1)                     ; 0                 ; 0          ; 0    ; 0            ; |DCalles_Lab4_OctalDecoder|Counter_32bit:Counter_32bit1|DFF_David:DFF3  ; DFF_David                 ; work         ;
;       |DFF_David:DFF4|            ; 1 (1)               ; 1 (1)                     ; 0                 ; 0          ; 0    ; 0            ; |DCalles_Lab4_OctalDecoder|Counter_32bit:Counter_32bit1|DFF_David:DFF4  ; DFF_David                 ; work         ;
;       |DFF_David:DFF5|            ; 1 (1)               ; 1 (1)                     ; 0                 ; 0          ; 0    ; 0            ; |DCalles_Lab4_OctalDecoder|Counter_32bit:Counter_32bit1|DFF_David:DFF5  ; DFF_David                 ; work         ;
;       |DFF_David:DFF6|            ; 1 (1)               ; 1 (1)                     ; 0                 ; 0          ; 0    ; 0            ; |DCalles_Lab4_OctalDecoder|Counter_32bit:Counter_32bit1|DFF_David:DFF6  ; DFF_David                 ; work         ;
;       |DFF_David:DFF7|            ; 1 (1)               ; 1 (1)                     ; 0                 ; 0          ; 0    ; 0            ; |DCalles_Lab4_OctalDecoder|Counter_32bit:Counter_32bit1|DFF_David:DFF7  ; DFF_David                 ; work         ;
;       |DFF_David:DFF8|            ; 1 (1)               ; 1 (1)                     ; 0                 ; 0          ; 0    ; 0            ; |DCalles_Lab4_OctalDecoder|Counter_32bit:Counter_32bit1|DFF_David:DFF8  ; DFF_David                 ; work         ;
;       |DFF_David:DFF9|            ; 1 (1)               ; 1 (1)                     ; 0                 ; 0          ; 0    ; 0            ; |DCalles_Lab4_OctalDecoder|Counter_32bit:Counter_32bit1|DFF_David:DFF9  ; DFF_David                 ; work         ;
+-----------------------------------+---------------------+---------------------------+-------------------+------------+------+--------------+-------------------------------------------------------------------------+---------------------------+--------------+
Note: For table entries with two numbers listed, the numbers in parentheses indicate the number of resources of the given type used by the specific entity alone. The numbers listed outside of parentheses indicate the total resources of the given type used by the specific entity and all of its sub-entities in the hierarchy.


+------------------------------------------------------+
; General Register Statistics                          ;
+----------------------------------------------+-------+
; Statistic                                    ; Value ;
+----------------------------------------------+-------+
; Total registers                              ; 30    ;
; Number of registers using Synchronous Clear  ; 0     ;
; Number of registers using Synchronous Load   ; 0     ;
; Number of registers using Asynchronous Clear ; 0     ;
; Number of registers using Asynchronous Load  ; 0     ;
; Number of registers using Clock Enable       ; 0     ;
; Number of registers using Preset             ; 0     ;
+----------------------------------------------+-------+


+--------------------------------------------------------------------------+
; Port Connectivity Checks: "Counter_32bit:Counter_32bit1|DFF_David:DFF31" ;
+------+-------+----------+------------------------------------------------+
; Port ; Type  ; Severity ; Details                                        ;
+------+-------+----------+------------------------------------------------+
; rst  ; Input ; Info     ; Stuck at GND                                   ;
; pre  ; Input ; Info     ; Stuck at GND                                   ;
; en   ; Input ; Info     ; Stuck at VCC                                   ;
+------+-------+----------+------------------------------------------------+


+--------------------------------------------------------------------------+
; Port Connectivity Checks: "Counter_32bit:Counter_32bit1|DFF_David:DFF30" ;
+------+-------+----------+------------------------------------------------+
; Port ; Type  ; Severity ; Details                                        ;
+------+-------+----------+------------------------------------------------+
; rst  ; Input ; Info     ; Stuck at GND                                   ;
; pre  ; Input ; Info     ; Stuck at GND                                   ;
; en   ; Input ; Info     ; Stuck at VCC                                   ;
+------+-------+----------+------------------------------------------------+


+--------------------------------------------------------------------------+
; Port Connectivity Checks: "Counter_32bit:Counter_32bit1|DFF_David:DFF29" ;
+------+-------+----------+------------------------------------------------+
; Port ; Type  ; Severity ; Details                                        ;
+------+-------+----------+------------------------------------------------+
; rst  ; Input ; Info     ; Stuck at GND                                   ;
; pre  ; Input ; Info     ; Stuck at GND                                   ;
; en   ; Input ; Info     ; Stuck at VCC                                   ;
+------+-------+----------+------------------------------------------------+


+--------------------------------------------------------------------------+
; Port Connectivity Checks: "Counter_32bit:Counter_32bit1|DFF_David:DFF28" ;
+------+-------+----------+------------------------------------------------+
; Port ; Type  ; Severity ; Details                                        ;
+------+-------+----------+------------------------------------------------+
; rst  ; Input ; Info     ; Stuck at GND                                   ;
; pre  ; Input ; Info     ; Stuck at GND                                   ;
; en   ; Input ; Info     ; Stuck at VCC                                   ;
+------+-------+----------+------------------------------------------------+


+--------------------------------------------------------------------------+
; Port Connectivity Checks: "Counter_32bit:Counter_32bit1|DFF_David:DFF27" ;
+------+-------+----------+------------------------------------------------+
; Port ; Type  ; Severity ; Details                                        ;
+------+-------+----------+------------------------------------------------+
; rst  ; Input ; Info     ; Stuck at GND                                   ;
; pre  ; Input ; Info     ; Stuck at GND                                   ;
; en   ; Input ; Info     ; Stuck at VCC                                   ;
+------+-------+----------+------------------------------------------------+


+--------------------------------------------------------------------------+
; Port Connectivity Checks: "Counter_32bit:Counter_32bit1|DFF_David:DFF26" ;
+------+-------+----------+------------------------------------------------+
; Port ; Type  ; Severity ; Details                                        ;
+------+-------+----------+------------------------------------------------+
; rst  ; Input ; Info     ; Stuck at GND                                   ;
; pre  ; Input ; Info     ; Stuck at GND                                   ;
; en   ; Input ; Info     ; Stuck at VCC                                   ;
+------+-------+----------+------------------------------------------------+


+--------------------------------------------------------------------------+
; Port Connectivity Checks: "Counter_32bit:Counter_32bit1|DFF_David:DFF25" ;
+------+-------+----------+------------------------------------------------+
; Port ; Type  ; Severity ; Details                                        ;
+------+-------+----------+------------------------------------------------+
; rst  ; Input ; Info     ; Stuck at GND                                   ;
; pre  ; Input ; Info     ; Stuck at GND                                   ;
; en   ; Input ; Info     ; Stuck at VCC                                   ;
+------+-------+----------+------------------------------------------------+


+--------------------------------------------------------------------------+
; Port Connectivity Checks: "Counter_32bit:Counter_32bit1|DFF_David:DFF24" ;
+------+-------+----------+------------------------------------------------+
; Port ; Type  ; Severity ; Details                                        ;
+------+-------+----------+------------------------------------------------+
; rst  ; Input ; Info     ; Stuck at GND                                   ;
; pre  ; Input ; Info     ; Stuck at GND                                   ;
; en   ; Input ; Info     ; Stuck at VCC                                   ;
+------+-------+----------+------------------------------------------------+


+--------------------------------------------------------------------------+
; Port Connectivity Checks: "Counter_32bit:Counter_32bit1|DFF_David:DFF23" ;
+------+-------+----------+------------------------------------------------+
; Port ; Type  ; Severity ; Details                                        ;
+------+-------+----------+------------------------------------------------+
; rst  ; Input ; Info     ; Stuck at GND                                   ;
; pre  ; Input ; Info     ; Stuck at GND                                   ;
; en   ; Input ; Info     ; Stuck at VCC                                   ;
+------+-------+----------+------------------------------------------------+


+--------------------------------------------------------------------------+
; Port Connectivity Checks: "Counter_32bit:Counter_32bit1|DFF_David:DFF22" ;
+------+-------+----------+------------------------------------------------+
; Port ; Type  ; Severity ; Details                                        ;
+------+-------+----------+------------------------------------------------+
; rst  ; Input ; Info     ; Stuck at GND                                   ;
; pre  ; Input ; Info     ; Stuck at GND                                   ;
; en   ; Input ; Info     ; Stuck at VCC                                   ;
+------+-------+----------+------------------------------------------------+


+--------------------------------------------------------------------------+
; Port Connectivity Checks: "Counter_32bit:Counter_32bit1|DFF_David:DFF21" ;
+------+-------+----------+------------------------------------------------+
; Port ; Type  ; Severity ; Details                                        ;
+------+-------+----------+------------------------------------------------+
; rst  ; Input ; Info     ; Stuck at GND                                   ;
; pre  ; Input ; Info     ; Stuck at GND                                   ;
; en   ; Input ; Info     ; Stuck at VCC                                   ;
+------+-------+----------+------------------------------------------------+


+--------------------------------------------------------------------------+
; Port Connectivity Checks: "Counter_32bit:Counter_32bit1|DFF_David:DFF20" ;
+------+-------+----------+------------------------------------------------+
; Port ; Type  ; Severity ; Details                                        ;
+------+-------+----------+------------------------------------------------+
; rst  ; Input ; Info     ; Stuck at GND                                   ;
; pre  ; Input ; Info     ; Stuck at GND                                   ;
; en   ; Input ; Info     ; Stuck at VCC                                   ;
+------+-------+----------+------------------------------------------------+


+--------------------------------------------------------------------------+
; Port Connectivity Checks: "Counter_32bit:Counter_32bit1|DFF_David:DFF19" ;
+------+-------+----------+------------------------------------------------+
; Port ; Type  ; Severity ; Details                                        ;
+------+-------+----------+------------------------------------------------+
; rst  ; Input ; Info     ; Stuck at GND                                   ;
; pre  ; Input ; Info     ; Stuck at GND                                   ;
; en   ; Input ; Info     ; Stuck at VCC                                   ;
+------+-------+----------+------------------------------------------------+


+--------------------------------------------------------------------------+
; Port Connectivity Checks: "Counter_32bit:Counter_32bit1|DFF_David:DFF18" ;
+------+-------+----------+------------------------------------------------+
; Port ; Type  ; Severity ; Details                                        ;
+------+-------+----------+------------------------------------------------+
; rst  ; Input ; Info     ; Stuck at GND                                   ;
; pre  ; Input ; Info     ; Stuck at GND                                   ;
; en   ; Input ; Info     ; Stuck at VCC                                   ;
+------+-------+----------+------------------------------------------------+


+--------------------------------------------------------------------------+
; Port Connectivity Checks: "Counter_32bit:Counter_32bit1|DFF_David:DFF17" ;
+------+-------+----------+------------------------------------------------+
; Port ; Type  ; Severity ; Details                                        ;
+------+-------+----------+------------------------------------------------+
; rst  ; Input ; Info     ; Stuck at GND                                   ;
; pre  ; Input ; Info     ; Stuck at GND                                   ;
; en   ; Input ; Info     ; Stuck at VCC                                   ;
+------+-------+----------+------------------------------------------------+


+--------------------------------------------------------------------------+
; Port Connectivity Checks: "Counter_32bit:Counter_32bit1|DFF_David:DFF16" ;
+------+-------+----------+------------------------------------------------+
; Port ; Type  ; Severity ; Details                                        ;
+------+-------+----------+------------------------------------------------+
; rst  ; Input ; Info     ; Stuck at GND                                   ;
; pre  ; Input ; Info     ; Stuck at GND                                   ;
; en   ; Input ; Info     ; Stuck at VCC                                   ;
+------+-------+----------+------------------------------------------------+


+--------------------------------------------------------------------------+
; Port Connectivity Checks: "Counter_32bit:Counter_32bit1|DFF_David:DFF15" ;
+------+-------+----------+------------------------------------------------+
; Port ; Type  ; Severity ; Details                                        ;
+------+-------+----------+------------------------------------------------+
; rst  ; Input ; Info     ; Stuck at GND                                   ;
; pre  ; Input ; Info     ; Stuck at GND                                   ;
; en   ; Input ; Info     ; Stuck at VCC                                   ;
+------+-------+----------+------------------------------------------------+


+--------------------------------------------------------------------------+
; Port Connectivity Checks: "Counter_32bit:Counter_32bit1|DFF_David:DFF14" ;
+------+-------+----------+------------------------------------------------+
; Port ; Type  ; Severity ; Details                                        ;
+------+-------+----------+------------------------------------------------+
; rst  ; Input ; Info     ; Stuck at GND                                   ;
; pre  ; Input ; Info     ; Stuck at GND                                   ;
; en   ; Input ; Info     ; Stuck at VCC                                   ;
+------+-------+----------+------------------------------------------------+


+--------------------------------------------------------------------------+
; Port Connectivity Checks: "Counter_32bit:Counter_32bit1|DFF_David:DFF13" ;
+------+-------+----------+------------------------------------------------+
; Port ; Type  ; Severity ; Details                                        ;
+------+-------+----------+------------------------------------------------+
; rst  ; Input ; Info     ; Stuck at GND                                   ;
; pre  ; Input ; Info     ; Stuck at GND                                   ;
; en   ; Input ; Info     ; Stuck at VCC                                   ;
+------+-------+----------+------------------------------------------------+


+--------------------------------------------------------------------------+
; Port Connectivity Checks: "Counter_32bit:Counter_32bit1|DFF_David:DFF12" ;
+------+-------+----------+------------------------------------------------+
; Port ; Type  ; Severity ; Details                                        ;
+------+-------+----------+------------------------------------------------+
; rst  ; Input ; Info     ; Stuck at GND                                   ;
; pre  ; Input ; Info     ; Stuck at GND                                   ;
; en   ; Input ; Info     ; Stuck at VCC                                   ;
+------+-------+----------+------------------------------------------------+


+--------------------------------------------------------------------------+
; Port Connectivity Checks: "Counter_32bit:Counter_32bit1|DFF_David:DFF11" ;
+------+-------+----------+------------------------------------------------+
; Port ; Type  ; Severity ; Details                                        ;
+------+-------+----------+------------------------------------------------+
; rst  ; Input ; Info     ; Stuck at GND                                   ;
; pre  ; Input ; Info     ; Stuck at GND                                   ;
; en   ; Input ; Info     ; Stuck at VCC                                   ;
+------+-------+----------+------------------------------------------------+


+--------------------------------------------------------------------------+
; Port Connectivity Checks: "Counter_32bit:Counter_32bit1|DFF_David:DFF10" ;
+------+-------+----------+------------------------------------------------+
; Port ; Type  ; Severity ; Details                                        ;
+------+-------+----------+------------------------------------------------+
; rst  ; Input ; Info     ; Stuck at GND                                   ;
; pre  ; Input ; Info     ; Stuck at GND                                   ;
; en   ; Input ; Info     ; Stuck at VCC                                   ;
+------+-------+----------+------------------------------------------------+


+-------------------------------------------------------------------------+
; Port Connectivity Checks: "Counter_32bit:Counter_32bit1|DFF_David:DFF9" ;
+------+-------+----------+-----------------------------------------------+
; Port ; Type  ; Severity ; Details                                       ;
+------+-------+----------+-----------------------------------------------+
; rst  ; Input ; Info     ; Stuck at GND                                  ;
; pre  ; Input ; Info     ; Stuck at GND                                  ;
; en   ; Input ; Info     ; Stuck at VCC                                  ;
+------+-------+----------+-----------------------------------------------+


+-------------------------------------------------------------------------+
; Port Connectivity Checks: "Counter_32bit:Counter_32bit1|DFF_David:DFF8" ;
+------+-------+----------+-----------------------------------------------+
; Port ; Type  ; Severity ; Details                                       ;
+------+-------+----------+-----------------------------------------------+
; rst  ; Input ; Info     ; Stuck at GND                                  ;
; pre  ; Input ; Info     ; Stuck at GND                                  ;
; en   ; Input ; Info     ; Stuck at VCC                                  ;
+------+-------+----------+-----------------------------------------------+


+-------------------------------------------------------------------------+
; Port Connectivity Checks: "Counter_32bit:Counter_32bit1|DFF_David:DFF7" ;
+------+-------+----------+-----------------------------------------------+
; Port ; Type  ; Severity ; Details                                       ;
+------+-------+----------+-----------------------------------------------+
; rst  ; Input ; Info     ; Stuck at GND                                  ;
; pre  ; Input ; Info     ; Stuck at GND                                  ;
; en   ; Input ; Info     ; Stuck at VCC                                  ;
+------+-------+----------+-----------------------------------------------+


+-------------------------------------------------------------------------+
; Port Connectivity Checks: "Counter_32bit:Counter_32bit1|DFF_David:DFF6" ;
+------+-------+----------+-----------------------------------------------+
; Port ; Type  ; Severity ; Details                                       ;
+------+-------+----------+-----------------------------------------------+
; rst  ; Input ; Info     ; Stuck at GND                                  ;
; pre  ; Input ; Info     ; Stuck at GND                                  ;
; en   ; Input ; Info     ; Stuck at VCC                                  ;
+------+-------+----------+-----------------------------------------------+


+-------------------------------------------------------------------------+
; Port Connectivity Checks: "Counter_32bit:Counter_32bit1|DFF_David:DFF5" ;
+------+-------+----------+-----------------------------------------------+
; Port ; Type  ; Severity ; Details                                       ;
+------+-------+----------+-----------------------------------------------+
; rst  ; Input ; Info     ; Stuck at GND                                  ;
; pre  ; Input ; Info     ; Stuck at GND                                  ;
; en   ; Input ; Info     ; Stuck at VCC                                  ;
+------+-------+----------+-----------------------------------------------+


+-------------------------------------------------------------------------+
; Port Connectivity Checks: "Counter_32bit:Counter_32bit1|DFF_David:DFF4" ;
+------+-------+----------+-----------------------------------------------+
; Port ; Type  ; Severity ; Details                                       ;
+------+-------+----------+-----------------------------------------------+
; rst  ; Input ; Info     ; Stuck at GND                                  ;
; pre  ; Input ; Info     ; Stuck at GND                                  ;
; en   ; Input ; Info     ; Stuck at VCC                                  ;
+------+-------+----------+-----------------------------------------------+


+-------------------------------------------------------------------------+
; Port Connectivity Checks: "Counter_32bit:Counter_32bit1|DFF_David:DFF3" ;
+------+-------+----------+-----------------------------------------------+
; Port ; Type  ; Severity ; Details                                       ;
+------+-------+----------+-----------------------------------------------+
; rst  ; Input ; Info     ; Stuck at GND                                  ;
; pre  ; Input ; Info     ; Stuck at GND                                  ;
; en   ; Input ; Info     ; Stuck at VCC                                  ;
+------+-------+----------+-----------------------------------------------+


+-------------------------------------------------------------------------+
; Port Connectivity Checks: "Counter_32bit:Counter_32bit1|DFF_David:DFF2" ;
+------+-------+----------+-----------------------------------------------+
; Port ; Type  ; Severity ; Details                                       ;
+------+-------+----------+-----------------------------------------------+
; rst  ; Input ; Info     ; Stuck at GND                                  ;
; pre  ; Input ; Info     ; Stuck at GND                                  ;
; en   ; Input ; Info     ; Stuck at VCC                                  ;
+------+-------+----------+-----------------------------------------------+


+-------------------------------------------------------------------------+
; Port Connectivity Checks: "Counter_32bit:Counter_32bit1|DFF_David:DFF1" ;
+------+-------+----------+-----------------------------------------------+
; Port ; Type  ; Severity ; Details                                       ;
+------+-------+----------+-----------------------------------------------+
; rst  ; Input ; Info     ; Stuck at GND                                  ;
; pre  ; Input ; Info     ; Stuck at GND                                  ;
; en   ; Input ; Info     ; Stuck at VCC                                  ;
+------+-------+----------+-----------------------------------------------+


+-------------------------------------------------------------------------+
; Port Connectivity Checks: "Counter_32bit:Counter_32bit1|DFF_David:DFF0" ;
+------+-------+----------+-----------------------------------------------+
; Port ; Type  ; Severity ; Details                                       ;
+------+-------+----------+-----------------------------------------------+
; rst  ; Input ; Info     ; Stuck at GND                                  ;
; pre  ; Input ; Info     ; Stuck at GND                                  ;
; en   ; Input ; Info     ; Stuck at VCC                                  ;
+------+-------+----------+-----------------------------------------------+


+-----------------------------------------------------+
; Post-Synthesis Netlist Statistics for Top Partition ;
+-----------------------+-----------------------------+
; Type                  ; Count                       ;
+-----------------------+-----------------------------+
; arriav_ff             ; 30                          ;
;     plain             ; 30                          ;
; arriav_lcell_comb     ; 38                          ;
;     normal            ; 38                          ;
;         1 data inputs ; 30                          ;
;         4 data inputs ; 8                           ;
; boundary_port         ; 12                          ;
;                       ;                             ;
; Max LUT depth         ; 1.00                        ;
; Average LUT depth     ; 0.99                        ;
+-----------------------+-----------------------------+


+-------------------------------+
; Elapsed Time Per Partition    ;
+----------------+--------------+
; Partition Name ; Elapsed Time ;
+----------------+--------------+
; Top            ; 00:00:00     ;
+----------------+--------------+


+-------------------------------+
; Analysis & Synthesis Messages ;
+-------------------------------+
Info: *******************************************************************
Info: Running Quartus Prime Analysis & Synthesis
    Info: Version 20.1.1 Build 720 11/11/2020 SJ Lite Edition
    Info: Processing started: Thu Jun 17 18:13:04 2021
Info: Command: quartus_map --read_settings_files=on --write_settings_files=off DCalles_Lab4_OctalDecoder -c DCalles_Lab4_OctalDecoder
Warning (18236): Number of processors has not been specified which may cause overloading on shared machines.  Set the global assignment NUM_PARALLEL_PROCESSORS in your QSF to an appropriate value for best performance.
Info (20030): Parallel compilation is enabled and will use 4 of the 4 processors detected
Info (12021): Found 2 design units, including 1 entities, in source file dcalles_lab4_octaldecoder.vhd
    Info (12022): Found design unit 1: DCalles_Lab4_OctalDecoder-Behavioral File: C:/Users/yodav/Documents/Conestoga_College/FIRST_TERM/Digital_Design/LABS/Lab4/Digital-Frequency-Divider/VHDL/DCalles_Lab4_OctalDecoder.vhd Line: 33
    Info (12023): Found entity 1: DCalles_Lab4_OctalDecoder File: C:/Users/yodav/Documents/Conestoga_College/FIRST_TERM/Digital_Design/LABS/Lab4/Digital-Frequency-Divider/VHDL/DCalles_Lab4_OctalDecoder.vhd Line: 22
Info (12021): Found 2 design units, including 1 entities, in source file dff_david.vhd
    Info (12022): Found design unit 1: DFF_David-Behavioral File: C:/Users/yodav/Documents/Conestoga_College/FIRST_TERM/Digital_Design/LABS/Lab4/Digital-Frequency-Divider/VHDL/DFF_David.vhd Line: 40
    Info (12023): Found entity 1: DFF_David File: C:/Users/yodav/Documents/Conestoga_College/FIRST_TERM/Digital_Design/LABS/Lab4/Digital-Frequency-Divider/VHDL/DFF_David.vhd Line: 26
Info (12021): Found 2 design units, including 1 entities, in source file counter_32bit.vhd
    Info (12022): Found design unit 1: Counter_32bit-sequecial File: C:/Users/yodav/Documents/Conestoga_College/FIRST_TERM/Digital_Design/LABS/Lab4/Digital-Frequency-Divider/VHDL/Counter_32bit.vhd Line: 33
    Info (12023): Found entity 1: Counter_32bit File: C:/Users/yodav/Documents/Conestoga_College/FIRST_TERM/Digital_Design/LABS/Lab4/Digital-Frequency-Divider/VHDL/Counter_32bit.vhd Line: 23
Info (12127): Elaborating entity "DCalles_Lab4_OctalDecoder" for the top level hierarchy
Warning (10492): VHDL Process Statement warning at DCalles_Lab4_OctalDecoder.vhd(67): signal "prescaledSignal" is read inside the Process Statement but isn't in the Process Statement's sensitivity list File: C:/Users/yodav/Documents/Conestoga_College/FIRST_TERM/Digital_Design/LABS/Lab4/Digital-Frequency-Divider/VHDL/DCalles_Lab4_OctalDecoder.vhd Line: 67
Warning (10492): VHDL Process Statement warning at DCalles_Lab4_OctalDecoder.vhd(69): signal "prescaledSignal" is read inside the Process Statement but isn't in the Process Statement's sensitivity list File: C:/Users/yodav/Documents/Conestoga_College/FIRST_TERM/Digital_Design/LABS/Lab4/Digital-Frequency-Divider/VHDL/DCalles_Lab4_OctalDecoder.vhd Line: 69
Warning (10492): VHDL Process Statement warning at DCalles_Lab4_OctalDecoder.vhd(71): signal "prescaledSignal" is read inside the Process Statement but isn't in the Process Statement's sensitivity list File: C:/Users/yodav/Documents/Conestoga_College/FIRST_TERM/Digital_Design/LABS/Lab4/Digital-Frequency-Divider/VHDL/DCalles_Lab4_OctalDecoder.vhd Line: 71
Warning (10492): VHDL Process Statement warning at DCalles_Lab4_OctalDecoder.vhd(73): signal "prescaledSignal" is read inside the Process Statement but isn't in the Process Statement's sensitivity list File: C:/Users/yodav/Documents/Conestoga_College/FIRST_TERM/Digital_Design/LABS/Lab4/Digital-Frequency-Divider/VHDL/DCalles_Lab4_OctalDecoder.vhd Line: 73
Warning (10492): VHDL Process Statement warning at DCalles_Lab4_OctalDecoder.vhd(75): signal "prescaledSignal" is read inside the Process Statement but isn't in the Process Statement's sensitivity list File: C:/Users/yodav/Documents/Conestoga_College/FIRST_TERM/Digital_Design/LABS/Lab4/Digital-Frequency-Divider/VHDL/DCalles_Lab4_OctalDecoder.vhd Line: 75
Warning (10492): VHDL Process Statement warning at DCalles_Lab4_OctalDecoder.vhd(77): signal "prescaledSignal" is read inside the Process Statement but isn't in the Process Statement's sensitivity list File: C:/Users/yodav/Documents/Conestoga_College/FIRST_TERM/Digital_Design/LABS/Lab4/Digital-Frequency-Divider/VHDL/DCalles_Lab4_OctalDecoder.vhd Line: 77
Warning (10492): VHDL Process Statement warning at DCalles_Lab4_OctalDecoder.vhd(79): signal "prescaledSignal" is read inside the Process Statement but isn't in the Process Statement's sensitivity list File: C:/Users/yodav/Documents/Conestoga_College/FIRST_TERM/Digital_Design/LABS/Lab4/Digital-Frequency-Divider/VHDL/DCalles_Lab4_OctalDecoder.vhd Line: 79
Warning (10492): VHDL Process Statement warning at DCalles_Lab4_OctalDecoder.vhd(81): signal "prescaledSignal" is read inside the Process Statement but isn't in the Process Statement's sensitivity list File: C:/Users/yodav/Documents/Conestoga_College/FIRST_TERM/Digital_Design/LABS/Lab4/Digital-Frequency-Divider/VHDL/DCalles_Lab4_OctalDecoder.vhd Line: 81
Warning (10492): VHDL Process Statement warning at DCalles_Lab4_OctalDecoder.vhd(83): signal "prescaledSignal" is read inside the Process Statement but isn't in the Process Statement's sensitivity list File: C:/Users/yodav/Documents/Conestoga_College/FIRST_TERM/Digital_Design/LABS/Lab4/Digital-Frequency-Divider/VHDL/DCalles_Lab4_OctalDecoder.vhd Line: 83
Info (12128): Elaborating entity "Counter_32bit" for hierarchy "Counter_32bit:Counter_32bit1" File: C:/Users/yodav/Documents/Conestoga_College/FIRST_TERM/Digital_Design/LABS/Lab4/Digital-Frequency-Divider/VHDL/DCalles_Lab4_OctalDecoder.vhd Line: 56
Warning (10540): VHDL Signal Declaration warning at Counter_32bit.vhd(54): used explicit default value for signal "enable" because signal was never assigned a value File: C:/Users/yodav/Documents/Conestoga_College/FIRST_TERM/Digital_Design/LABS/Lab4/Digital-Frequency-Divider/VHDL/Counter_32bit.vhd Line: 54
Warning (10540): VHDL Signal Declaration warning at Counter_32bit.vhd(55): used explicit default value for signal "reset" because signal was never assigned a value File: C:/Users/yodav/Documents/Conestoga_College/FIRST_TERM/Digital_Design/LABS/Lab4/Digital-Frequency-Divider/VHDL/Counter_32bit.vhd Line: 55
Warning (10540): VHDL Signal Declaration warning at Counter_32bit.vhd(56): used explicit default value for signal "preset" because signal was never assigned a value File: C:/Users/yodav/Documents/Conestoga_College/FIRST_TERM/Digital_Design/LABS/Lab4/Digital-Frequency-Divider/VHDL/Counter_32bit.vhd Line: 56
Info (12128): Elaborating entity "DFF_David" for hierarchy "Counter_32bit:Counter_32bit1|DFF_David:DFF0" File: C:/Users/yodav/Documents/Conestoga_College/FIRST_TERM/Digital_Design/LABS/Lab4/Digital-Frequency-Divider/VHDL/Counter_32bit.vhd Line: 70
Info (286030): Timing-Driven Synthesis is running
Info (16010): Generating hard_block partition "hard_block:auto_generated_inst"
    Info (16011): Adding 0 node(s), including 0 DDIO, 0 PLL, 0 transceiver and 0 LCELL
Info (21057): Implemented 50 device resources after synthesis - the final resource count might be different
    Info (21058): Implemented 4 input pins
    Info (21059): Implemented 8 output pins
    Info (21061): Implemented 38 logic cells
Info: Quartus Prime Analysis & Synthesis was successful. 0 errors, 13 warnings
    Info: Peak virtual memory: 4861 megabytes
    Info: Processing ended: Thu Jun 17 18:13:13 2021
    Info: Elapsed time: 00:00:09
    Info: Total CPU time (on all processors): 00:00:21


